BL51 BANKED LINKER/LOCATER V6.22.2.0                                                    06/01/2023  21:05:43  PAGE 1


BL51 BANKED LINKER/LOCATER V6.22.2.0, INVOKED BY:
D:\C51\BIN\BL51.EXE main.obj TO 光立方综合功能程序 RAMSIZE (256)


MEMORY MODEL: LARGE


INPUT MODULES INCLUDED:
  main.obj (MAIN)
  D:\C51\LIB\C51L.LIB (?C_STARTUP)
  D:\C51\LIB\C51L.LIB (?C?COPY)
  D:\C51\LIB\C51L.LIB (?C?CLDPTR)
  D:\C51\LIB\C51L.LIB (?C?CLDOPTR)
  D:\C51\LIB\C51L.LIB (?C?CSTPTR)
  D:\C51\LIB\C51L.LIB (?C?CSTOPTR)
  D:\C51\LIB\C51L.LIB (?C?IMUL)
  D:\C51\LIB\C51L.LIB (?C?UIDIV)
  D:\C51\LIB\C51L.LIB (?C?SIDIV)
  D:\C51\LIB\C51L.LIB (?C?ILDIX)
  D:\C51\LIB\C51L.LIB (?C_INIT)


LINK MAP OF MODULE:  光立方综合功能程序 (MAIN)


            TYPE    BASE      LENGTH    RELOCATION   SEGMENT NAME
            -----------------------------------------------------

            * * * * * * *   D A T A   M E M O R Y   * * * * * * *
            REG     0000H     0008H     ABSOLUTE     "REG BANK 0"
            REG     0008H     0008H     ABSOLUTE     "REG BANK 1"
                    0010H     0010H                  *** GAP ***
            BIT     0020H.0   0001H.7   UNIT         ?BI?MAIN
                    0021H.7   0000H.1                *** GAP ***
            DATA    0022H     005DH     UNIT         ?DT?MAIN
            IDATA   007FH     0001H     UNIT         ?STACK

            * * * * * * *  X D A T A   M E M O R Y  * * * * * * *
            XDATA   0000H     0225H     UNIT         ?XD?MAIN
            XDATA   0225H     00A0H     UNIT         _XDATA_GROUP_
            XDATA   02C5H     0042H     UNIT         ?XD?_TURN_ON?MAIN

            * * * * * * *   C O D E   M E M O R Y   * * * * * * *
            CODE    0000H     0003H     ABSOLUTE     
            CODE    0003H     0003H     ABSOLUTE     
                    0006H     0005H                  *** GAP ***
            CODE    000BH     0003H     ABSOLUTE     
            CODE    000EH     0014H     UNIT         ?PR?ADC0_INIT?MAIN
                    0022H     0001H                  *** GAP ***
            CODE    0023H     0003H     ABSOLUTE     
            CODE    0026H     2CE9H     UNIT         ?CO?MAIN
            CODE    2D0FH     07ADH     UNIT         ?PR?FLASH_5?MAIN
            CODE    34BCH     062CH     UNIT         ?PR?_QUMIANXUANZHUAN?MAIN
            CODE    3AE8H     0607H     UNIT         ?PR?FLASH_10?MAIN
            CODE    40EFH     0583H     UNIT         ?PR?FLASH_23?MAIN
            CODE    4672H     0566H     UNIT         ?PR?FLASH_9?MAIN
            CODE    4BD8H     04C1H     UNIT         ?PR?_MOVE?MAIN
            CODE    5099H     04B4H     UNIT         ?PR?_VOL_WATCH_1?MAIN
BL51 BANKED LINKER/LOCATER V6.22.2.0                                                  06/01/2023  21:05:43  PAGE 2


            CODE    554DH     0482H     UNIT         ?PR?_BOX?MAIN
            CODE    59CFH     03DDH     UNIT         ?PR?_WATER3?MAIN
            CODE    5DACH     03B0H     UNIT         ?PR?PRINT1?MAIN
            CODE    615CH     036EH     UNIT         ?PR?_QUMIANXUANZHUAN2?MAIN
            CODE    64CAH     0317H     UNIT         ?PR?DONGHUA_MOSHI?MAIN
            CODE    67E1H     0311H     UNIT         ?PR?FLASH_4?MAIN
            CODE    6AF2H     02FDH     UNIT         ?PR?_RAIN?MAIN
            CODE    6DEFH     02B9H     UNIT         ?PR?_ZIMU?MAIN
            CODE    70A8H     02A9H     UNIT         ?PR?_WATER2?MAIN
            CODE    7351H     0296H     UNIT         ?PR?_PRINT?MAIN
            CODE    75E7H     0290H     UNIT         ?PR?IR_IN?MAIN
            CODE    7877H     0289H     UNIT         ?PR?_VOL_WATCH_0?MAIN
            CODE    7B00H     026DH     UNIT         ?PR?_JB0?MAIN
            CODE    7D6DH     0269H     UNIT         ?PR?YINYUE_MOSHI?MAIN
            CODE    7FD6H     0266H     UNIT         ?PR?_SHENSUO?MAIN
            CODE    823CH     0228H     UNIT         ?PR?FLASH_27?MAIN
            CODE    8464H     0223H     UNIT         ?C?LIB_CODE
            CODE    8687H     0211H     UNIT         ?PR?_ZHEN?MAIN
            CODE    8898H     01EAH     UNIT         ?PR?_PRODUCE_EMPTY?MAIN
            CODE    8A82H     01C9H     UNIT         ?PR?_WATER1?MAIN
            CODE    8C4BH     01ABH     UNIT         ?PR?_ROLL_3_XY?MAIN
            CODE    8DF6H     01A5H     UNIT         ?PR?_CUBE?MAIN
            CODE    8F9BH     01A0H     UNIT         ?PR?VOL_WATCH_2?MAIN
            CODE    913BH     019FH     UNIT         ?PR?_LINK?MAIN
            CODE    92DAH     019CH     UNIT         ?PR?_LEITU?MAIN
            CODE    9476H     0192H     UNIT         ?PR?FLASH_11?MAIN
            CODE    9608H     0190H     UNIT         ?PR?_LINE?MAIN
            CODE    9798H     018DH     UNIT         ?PR?_HY?MAIN
            CODE    9925H     0181H     UNIT         ?PR?_ROLL_APEAK_XY?MAIN
            CODE    9AA6H     0180H     UNIT         ?PR?XIUGAIDONGHUA_MOSHI?MAIN
            CODE    9C26H     0173H     UNIT         ?PR?_PIAOZHI?MAIN
            CODE    9D99H     015AH     UNIT         ?PR?_ROLL_APEAK_YZ?MAIN
            CODE    9EF3H     0157H     UNIT         ?PR?FLASH_25?MAIN
            CODE    A04AH     0147H     UNIT         ?PR?_H_SCAN?MAIN
            CODE    A191H     013DH     UNIT         ?PR?_YINCHU?MAIN
            CODE    A2CEH     013DH     UNIT         ?PR?_BOX_APEAK_XY?MAIN
            CODE    A40BH     0138H     UNIT         ?PR?_TRANOUTCHAR_CU1?MAIN
            CODE    A543H     0137H     UNIT         ?PR?_TRANOUTCHAR_CU?MAIN
            CODE    A67AH     0134H     UNIT         ?PR?_TRANOUTCHAR?MAIN
            CODE    A7AEH     012DH     UNIT         ?PR?FLASH_3?MAIN
            CODE    A8DBH     0127H     UNIT         ?PR?XZCUBE?MAIN
            CODE    AA02H     0125H     UNIT         ?PR?FLASH_28?MAIN
            CODE    AB27H     011FH     UNIT         ?PR?_SZFC0?MAIN
            CODE    AC46H     011CH     UNIT         ?PR?_V_SCAN?MAIN
            CODE    AD62H     011BH     UNIT         ?PR?_XUANZHUANTIAO?MAIN
            CODE    AE7DH     0118H     UNIT         ?PR?_TRAILLER?MAIN
            CODE    AF95H     010AH     UNIT         ?PR?_TURN_ON?MAIN
            CODE    B09FH     00FEH     UNIT         ?PR?FLASH_20?MAIN
            CODE    B19DH     00FAH     UNIT         ?PR?_SHANDIAN?MAIN
            CODE    B297H     00F7H     UNIT         ?PR?_FUN1?MAIN
            CODE    B38EH     00F0H     UNIT         ?PR?FLASH_2?MAIN
            CODE    B47EH     00E7H     UNIT         ?PR?_W_SIDE?MAIN
            CODE    B565H     00DEH     UNIT         ?PR?FLASH_7?MAIN
            CODE    B643H     00D8H     UNIT         ?PR?_PRODUCE_CUBE?MAIN
            CODE    B71BH     00C0H     UNIT         ?PR?LINK00?MAIN
            CODE    B7DBH     00B6H     UNIT         ?C_INITSEG
            CODE    B891H     00B5H     UNIT         ?PR?_XUANZHUANTIAO2?MAIN
BL51 BANKED LINKER/LOCATER V6.22.2.0                                                  06/01/2023  21:05:43  PAGE 3


            CODE    B946H     00AFH     UNIT         ?PR?MAIN?MAIN
            CODE    B9F5H     00A7H     UNIT         ?PR?_BOXTOLA?MAIN
            CODE    BA9CH     00A3H     UNIT         ?PR?SHUDU_JIA?MAIN
            CODE    BB3FH     009CH     UNIT         ?PR?VOL_WATCH_3?MAIN
            CODE    BBDBH     0097H     UNIT         ?PR?SHUDU_JIAN?MAIN
            CODE    BC72H     0096H     UNIT         ?PR?PWM_LED?MAIN
            CODE    BD08H     008CH     UNIT         ?C_C51STARTUP
            CODE    BD94H     0082H     UNIT         ?PR?FLASH_24?MAIN
            CODE    BE16H     007FH     UNIT         ?PR?_DONGHUA?MAIN
            CODE    BE95H     007CH     UNIT         ?PR?_ROLLDISPLAY_YD?MAIN
            CODE    BF11H     0076H     UNIT         ?PR?_CIRP?MAIN
            CODE    BF87H     0071H     UNIT         ?PR?_W_SCAN?MAIN
            CODE    BFF8H     006FH     UNIT         ?PR?FLASH_39?MAIN
            CODE    C067H     006DH     UNIT         ?PR?SHANGWEIJI_MOSHI?MAIN
            CODE    C0D4H     006CH     UNIT         ?PR?KEY_BAIHEI_SCAN?MAIN
            CODE    C140H     006AH     UNIT         ?PR?_POINT?MAIN
            CODE    C1AAH     0061H     UNIT         ?PR?_LINK_JB0?MAIN
            CODE    C20BH     0061H     UNIT         ?PR?_SENDBYTE?MAIN
            CODE    C26CH     005CH     UNIT         ?PR?_VOIVOL?MAIN
            CODE    C2C8H     005AH     UNIT         ?PR?_HANSAO?MAIN
            CODE    C322H     0059H     UNIT         ?PR?FLASH_14?MAIN
            CODE    C37BH     0059H     UNIT         ?PR?_SENDBYTE1?MAIN
            CODE    C3D4H     0054H     UNIT         ?PR?FLASH_44?MAIN
            CODE    C428H     0053H     UNIT         ?PR?SERIAL?MAIN
            CODE    C47BH     0052H     UNIT         ?PR?_TRANS?MAIN
            CODE    C4CDH     0052H     UNIT         ?PR?FLASH_43?MAIN
            CODE    C51FH     0047H     UNIT         ?PR?FLASH_13?MAIN
            CODE    C566H     0045H     UNIT         ?PR?FLASH_19?MAIN
            CODE    C5ABH     0042H     UNIT         ?PR?FLASH_36?MAIN
            CODE    C5EDH     0040H     UNIT         ?PR?FLASH_21?MAIN
            CODE    C62DH     0040H     UNIT         ?PR?FLASH_30?MAIN
            CODE    C66DH     0040H     UNIT         ?PR?YINYUE_KEY2?MAIN
            CODE    C6ADH     003FH     UNIT         ?PR?_MAX?MAIN
            CODE    C6ECH     003DH     UNIT         ?PR?_TYPE?MAIN
            CODE    C729H     003DH     UNIT         ?PR?_TYPE_SJ?MAIN
            CODE    C766H     003CH     UNIT         ?PR?_POKE?MAIN
            CODE    C7A2H     003CH     UNIT         ?PR?_TYPE1?MAIN
            CODE    C7DEH     003CH     UNIT         ?PR?DONGHUA_KEY2?MAIN
            CODE    C81AH     003CH     UNIT         ?PR?GAIZI_KEY2?MAIN
            CODE    C856H     0032H     UNIT         ?PR?FLASH_1?MAIN
            CODE    C888H     0032H     UNIT         ?PR?FLASH_31?MAIN
            CODE    C8BAH     0030H     UNIT         ?PR?FLASH_8?MAIN
            CODE    C8EAH     002DH     UNIT         ?PR?_CLEAR?MAIN
            CODE    C917H     002BH     UNIT         ?PR?TRANSSS?MAIN
            CODE    C942H     002BH     UNIT         ?PR?_DELAY?MAIN
            CODE    C96DH     002AH     UNIT         ?PR?_DAOXU?MAIN
            CODE    C997H     0028H     UNIT         ?PR?FLASH_17?MAIN
            CODE    C9BFH     0026H     UNIT         ?PR?FLASH_22?MAIN
            CODE    C9E5H     0026H     UNIT         ?PR?FLASH_41?MAIN
            CODE    CA0BH     0026H     UNIT         ?PR?_DELAYUS?MAIN
            CODE    CA31H     0024H     UNIT         ?PR?FLASH_18?MAIN
            CODE    CA55H     0021H     UNIT         ?PR?INIT_UART?MAIN
            CODE    CA76H     0020H     UNIT         ?PR?FLASH_16?MAIN
            CODE    CA96H     0020H     UNIT         ?PR?FLASH_32?MAIN
            CODE    CAB6H     0020H     UNIT         ?PR?_DELAYS?MAIN
            CODE    CAD6H     001FH     UNIT         ?PR?READ_ADC0?MAIN
            CODE    CAF5H     001FH     UNIT         ?PR?INIT?MAIN
BL51 BANKED LINKER/LOCATER V6.22.2.0                                                  06/01/2023  21:05:43  PAGE 4


            CODE    CB14H     001EH     UNIT         ?PR?FLASH_40?MAIN
            CODE    CB32H     001EH     UNIT         ?PR?_DELAYYP?MAIN
            CODE    CB50H     001CH     UNIT         ?PR?FLASH_6?MAIN
            CODE    CB6CH     001BH     UNIT         ?PR?FLASH_34?MAIN
            CODE    CB87H     001AH     UNIT         ?PR?_ABS?MAIN
            CODE    CBA1H     001AH     UNIT         ?PR?FLASH_26?MAIN
            CODE    CBBBH     0017H     UNIT         ?PR?_JUDGEBIT?MAIN
            CODE    CBD2H     0016H     UNIT         ?PR?_IRDELAY?MAIN
            CODE    CBE8H     0014H     UNIT         ?PR?SINTER?MAIN
            CODE    CBFCH     0013H     UNIT         ?PR?_DELAYPWM?MAIN
            CODE    CC0FH     0012H     UNIT         ?PR?FLASH_15?MAIN
            CODE    CC21H     0010H     UNIT         ?PR?FLASH_33?MAIN
            CODE    CC31H     0010H     UNIT         ?PR?FLASH_35?MAIN
            CODE    CC41H     000FH     UNIT         ?PR?_MAXT?MAIN
            CODE    CC50H     000EH     UNIT         ?PR?FLASH_38?MAIN
            CODE    CC5EH     000EH     UNIT         ?PR?FLASH_42?MAIN
            CODE    CC6CH     000DH     UNIT         ?PR?_ABSS?MAIN
            CODE    CC79H     000CH     UNIT         ?PR?FLASH_12?MAIN
            CODE    CC85H     000CH     UNIT         ?PR?FLASH_37?MAIN
            CODE    CC91H     000AH     UNIT         ?PR?IRINIT?MAIN
            CODE    CC9BH     000AH     UNIT         ?PR?_IDELAY?MAIN
            CODE    CCA5H     0009H     UNIT         ?PR?DELAY10US?MAIN
            CODE    CCAEH     0009H     UNIT         ?PR?DELAY5US?MAIN



OVERLAY MAP OF MODULE:   光立方综合功能程序 (MAIN)


SEGMENT                                XDATA_GROUP
  +--> CALLED SEGMENT                START    LENGTH
----------------------------------------------------
?PR?IR_IN?MAIN                       -----    -----
  +--> ?PR?_IRDELAY?MAIN
  +--> ?PR?SHUDU_JIA?MAIN
  +--> ?PR?SHUDU_JIAN?MAIN

*** NEW ROOT ***************************************************

?PR?PRINT1?MAIN                      -----    -----
  +--> ?PR?_SENDBYTE?MAIN
  +--> ?PR?_HANSAO?MAIN
  +--> ?PR?_DELAYUS?MAIN
  +--> ?PR?KEY_BAIHEI_SCAN?MAIN

?PR?_SENDBYTE?MAIN                   0225H    0008H

?PR?_DELAYUS?MAIN                    -----    -----
  +--> ?PR?_HANSAO?MAIN

?PR?KEY_BAIHEI_SCAN?MAIN             -----    -----
  +--> ?PR?DELAY10US?MAIN
  +--> ?PR?SINTER?MAIN

*** NEW ROOT ***************************************************

?C_C51STARTUP                        -----    -----
BL51 BANKED LINKER/LOCATER V6.22.2.0                                                  06/01/2023  21:05:43  PAGE 5


  +--> ?PR?MAIN?MAIN
  +--> ?C_INITSEG

?PR?MAIN?MAIN                        022DH    0003H
  +--> ?PR?INIT?MAIN
  +--> ?PR?_IDELAY?MAIN
  +--> ?PR?IRINIT?MAIN
  +--> ?PR?ADC0_INIT?MAIN
  +--> ?PR?_CLEAR?MAIN
  +--> ?PR?PWM_LED?MAIN
  +--> ?PR?SINTER?MAIN
  +--> ?PR?_W_SCAN?MAIN
  +--> ?PR?_DELAY?MAIN
  +--> ?PR?YINYUE_MOSHI?MAIN
  +--> ?PR?DONGHUA_MOSHI?MAIN
  +--> ?PR?SHANGWEIJI_MOSHI?MAIN
  +--> ?PR?XIUGAIDONGHUA_MOSHI?MAIN

?PR?PWM_LED?MAIN                     0230H    0004H
  +--> ?PR?_DELAYPWM?MAIN

?PR?_W_SCAN?MAIN                     0230H    0042H
  +--> ?CO?MAIN
  +--> ?PR?_HY?MAIN
  +--> ?PR?_DELAY?MAIN

?PR?_HY?MAIN                         0272H    0046H
  +--> ?CO?MAIN
  +--> ?PR?_ZHEN?MAIN
  +--> ?PR?_DELAY?MAIN

?PR?_ZHEN?MAIN                       02B8H    0005H
  +--> ?PR?KEY_BAIHEI_SCAN?MAIN
  +--> ?PR?_SENDBYTE1?MAIN
  +--> ?PR?_DELAYUS?MAIN
  +--> ?PR?_DELAYS?MAIN

?PR?_SENDBYTE1?MAIN                  02BDH    0008H

?PR?_DELAY?MAIN                      -----    -----
  +--> ?PR?DELAY5US?MAIN

?PR?YINYUE_MOSHI?MAIN                -----    -----
  +--> ?CO?MAIN
  +--> ?PR?_HY?MAIN
  +--> ?PR?_W_SIDE?MAIN
  +--> ?PR?SINTER?MAIN
  +--> ?PR?YINYUE_KEY2?MAIN
  +--> ?PR?_CLEAR?MAIN
  +--> ?PR?_VOL_WATCH_0?MAIN
  +--> ?PR?_VOL_WATCH_1?MAIN
  +--> ?PR?VOL_WATCH_2?MAIN
  +--> ?PR?VOL_WATCH_3?MAIN

?PR?_W_SIDE?MAIN                     0230H    0049H
  +--> ?CO?MAIN
  +--> ?PR?_ZHEN?MAIN
BL51 BANKED LINKER/LOCATER V6.22.2.0                                                  06/01/2023  21:05:43  PAGE 6


  +--> ?PR?_DELAY?MAIN

?PR?_VOL_WATCH_0?MAIN                0230H    0007H
  +--> ?PR?_BOX?MAIN
  +--> ?PR?_VOIVOL?MAIN
  +--> ?PR?YINYUE_KEY2?MAIN

?PR?_BOX?MAIN                        023FH    0009H
  +--> ?PR?_MAX?MAIN

?PR?_MAX?MAIN                        0248H    0006H

?PR?_VOIVOL?MAIN                     023BH    0006H
  +--> ?PR?READ_ADC0?MAIN
  +--> ?PR?_DELAYYP?MAIN

?PR?_VOL_WATCH_1?MAIN                0230H    000BH
  +--> ?PR?_BOX?MAIN
  +--> ?PR?_VOIVOL?MAIN
  +--> ?CO?MAIN
  +--> ?PR?YINYUE_KEY2?MAIN

?PR?VOL_WATCH_2?MAIN                 0230H    0006H
  +--> ?PR?_CLEAR?MAIN
  +--> ?PR?_POINT?MAIN
  +--> ?PR?_BOX?MAIN
  +--> ?PR?_VOIVOL?MAIN
  +--> ?PR?YINYUE_KEY2?MAIN

?PR?_POINT?MAIN                      0256H    0006H

?PR?VOL_WATCH_3?MAIN                 0230H    0004H
  +--> ?PR?_VOIVOL?MAIN
  +--> ?PR?TRANSSS?MAIN
  +--> ?PR?_BOX_APEAK_XY?MAIN
  +--> ?PR?_DELAYYP?MAIN
  +--> ?PR?YINYUE_KEY2?MAIN

?PR?_BOX_APEAK_XY?MAIN               023FH    0009H
  +--> ?PR?_MAX?MAIN
  +--> ?PR?_LINE?MAIN

?PR?_LINE?MAIN                       0248H    000EH
  +--> ?CO?MAIN
  +--> ?PR?_ABSS?MAIN
  +--> ?PR?_MAXT?MAIN
  +--> ?PR?_ABS?MAIN
  +--> ?PR?_POINT?MAIN

?PR?DONGHUA_MOSHI?MAIN               -----    -----
  +--> ?PR?FLASH_20?MAIN
  +--> ?PR?SINTER?MAIN
  +--> ?PR?DONGHUA_KEY2?MAIN
  +--> ?PR?FLASH_21?MAIN
  +--> ?PR?FLASH_25?MAIN
  +--> ?PR?FLASH_28?MAIN
  +--> ?PR?FLASH_42?MAIN
BL51 BANKED LINKER/LOCATER V6.22.2.0                                                  06/01/2023  21:05:43  PAGE 7


  +--> ?PR?FLASH_15?MAIN
  +--> ?PR?_CLEAR?MAIN
  +--> ?CO?MAIN
  +--> ?PR?_PIAOZHI?MAIN
  +--> ?PR?FLASH_22?MAIN
  +--> ?PR?FLASH_23?MAIN
  +--> ?PR?FLASH_24?MAIN
  +--> ?PR?_V_SCAN?MAIN
  +--> ?PR?FLASH_26?MAIN
  +--> ?PR?FLASH_27?MAIN
  +--> ?PR?_H_SCAN?MAIN
  +--> ?PR?FLASH_30?MAIN
  +--> ?PR?FLASH_31?MAIN
  +--> ?PR?FLASH_32?MAIN
  +--> ?PR?FLASH_33?MAIN
  +--> ?PR?FLASH_34?MAIN
  +--> ?PR?FLASH_35?MAIN
  +--> ?PR?FLASH_36?MAIN
  +--> ?PR?FLASH_37?MAIN
  +--> ?PR?_W_SCAN?MAIN
  +--> ?PR?FLASH_38?MAIN
  +--> ?PR?FLASH_39?MAIN
  +--> ?PR?FLASH_40?MAIN
  +--> ?PR?FLASH_41?MAIN
  +--> ?PR?FLASH_1?MAIN
  +--> ?PR?FLASH_17?MAIN
  +--> ?PR?FLASH_16?MAIN
  +--> ?PR?FLASH_14?MAIN
  +--> ?PR?FLASH_18?MAIN
  +--> ?PR?FLASH_2?MAIN
  +--> ?PR?FLASH_3?MAIN
  +--> ?PR?FLASH_4?MAIN
  +--> ?PR?FLASH_5?MAIN
  +--> ?PR?FLASH_6?MAIN
  +--> ?PR?FLASH_7?MAIN
  +--> ?PR?FLASH_8?MAIN
  +--> ?PR?FLASH_9?MAIN
  +--> ?PR?FLASH_10?MAIN
  +--> ?PR?FLASH_11?MAIN
  +--> ?PR?FLASH_12?MAIN
  +--> ?PR?FLASH_13?MAIN
  +--> ?PR?FLASH_19?MAIN

?PR?FLASH_20?MAIN                    0230H    0041H
  +--> ?CO?MAIN
  +--> ?PR?_ZHEN?MAIN
  +--> ?PR?_DELAY?MAIN

?PR?FLASH_21?MAIN                    0230H    0001H
  +--> ?CO?MAIN
  +--> ?PR?_HY?MAIN

?PR?FLASH_25?MAIN                    0230H    0043H
  +--> ?CO?MAIN
  +--> ?PR?_ZHEN?MAIN
  +--> ?PR?_DELAY?MAIN
  +--> ?PR?_MOVE?MAIN
BL51 BANKED LINKER/LOCATER V6.22.2.0                                                  06/01/2023  21:05:43  PAGE 8



?PR?_MOVE?MAIN                       0279H    0008H

?PR?FLASH_28?MAIN                    -----    -----
  +--> ?PR?_WATER1?MAIN
  +--> ?PR?_WATER2?MAIN
  +--> ?PR?_WATER3?MAIN

?PR?_WATER1?MAIN                     0230H    0045H
  +--> ?CO?MAIN
  +--> ?PR?_ZHEN?MAIN
  +--> ?PR?_DELAY?MAIN

?PR?_WATER2?MAIN                     0230H    0047H
  +--> ?CO?MAIN
  +--> ?PR?_ZHEN?MAIN
  +--> ?PR?_DELAY?MAIN
  +--> ?PR?_MOVE?MAIN

?PR?_WATER3?MAIN                     0230H    0049H
  +--> ?CO?MAIN
  +--> ?PR?_ZHEN?MAIN
  +--> ?PR?_DELAY?MAIN
  +--> ?PR?_MOVE?MAIN

?PR?FLASH_42?MAIN                    -----    -----
  +--> ?PR?_SZFC0?MAIN

?PR?_SZFC0?MAIN                      0230H    0043H
  +--> ?CO?MAIN
  +--> ?PR?_ZHEN?MAIN
  +--> ?PR?_DELAY?MAIN

?PR?FLASH_15?MAIN                    -----    -----
  +--> ?PR?_RAIN?MAIN

?PR?_RAIN?MAIN                       0230H    0045H
  +--> ?CO?MAIN
  +--> ?PR?_ZHEN?MAIN
  +--> ?PR?_DELAY?MAIN
  +--> ?PR?_MOVE?MAIN

?PR?_PIAOZHI?MAIN                    0230H    000AH
  +--> ?PR?_ROLL_APEAK_YZ?MAIN
  +--> ?PR?_DELAY?MAIN
  +--> ?PR?_POINT?MAIN
  +--> ?PR?_TRANS?MAIN

?PR?_ROLL_APEAK_YZ?MAIN              023AH    0003H
  +--> ?PR?_DELAY?MAIN

?PR?_TRANS?MAIN                      023AH    0004H
  +--> ?PR?_DELAY?MAIN

?PR?FLASH_22?MAIN                    -----    -----
  +--> ?CO?MAIN
  +--> ?PR?_ZIMU?MAIN
BL51 BANKED LINKER/LOCATER V6.22.2.0                                                  06/01/2023  21:05:43  PAGE 9



?PR?_ZIMU?MAIN                       0230H    0072H
  +--> ?CO?MAIN
  +--> ?PR?_FUN1?MAIN
  +--> ?PR?_ZHEN?MAIN
  +--> ?PR?_DELAY?MAIN

?PR?_FUN1?MAIN                       02A2H    0008H
  +--> ?PR?_DAOXU?MAIN

?PR?FLASH_23?MAIN                    0230H    0044H
  +--> ?CO?MAIN
  +--> ?PR?_ZHEN?MAIN
  +--> ?PR?_DELAY?MAIN
  +--> ?PR?_MOVE?MAIN

?PR?FLASH_24?MAIN                    0230H    0042H
  +--> ?CO?MAIN
  +--> ?PR?_MOVE?MAIN
  +--> ?PR?_ZHEN?MAIN
  +--> ?PR?_DELAY?MAIN

?PR?_V_SCAN?MAIN                     0230H    0042H
  +--> ?CO?MAIN
  +--> ?PR?_ZHEN?MAIN
  +--> ?PR?_DELAY?MAIN

?PR?FLASH_26?MAIN                    -----    -----
  +--> ?CO?MAIN
  +--> ?PR?_LEITU?MAIN

?PR?_LEITU?MAIN                      0230H    0049H
  +--> ?CO?MAIN
  +--> ?PR?_ZHEN?MAIN
  +--> ?PR?_DELAY?MAIN
  +--> ?PR?_DELAYS?MAIN

?PR?FLASH_27?MAIN                    0230H    0044H
  +--> ?CO?MAIN
  +--> ?PR?_ZHEN?MAIN
  +--> ?PR?_DELAY?MAIN

?PR?_H_SCAN?MAIN                     0230H    0043H
  +--> ?CO?MAIN
  +--> ?PR?_ZHEN?MAIN
  +--> ?PR?_DELAY?MAIN

?PR?FLASH_30?MAIN                    0230H    0001H
  +--> ?CO?MAIN
  +--> ?PR?_PRINT?MAIN

?PR?_PRINT?MAIN                      0231H    0048H
  +--> ?CO?MAIN
  +--> ?PR?_ZHEN?MAIN
  +--> ?PR?_DELAY?MAIN

?PR?FLASH_31?MAIN                    -----    -----
BL51 BANKED LINKER/LOCATER V6.22.2.0                                                  06/01/2023  21:05:43  PAGE 10


  +--> ?PR?_LINK_JB0?MAIN
  +--> ?PR?_JB0?MAIN
  +--> ?CO?MAIN
  +--> ?PR?_YINCHU?MAIN

?PR?_LINK_JB0?MAIN                   0230H    0042H
  +--> ?CO?MAIN
  +--> ?PR?_ZHEN?MAIN
  +--> ?PR?_DELAY?MAIN

?PR?_JB0?MAIN                        0230H    0044H
  +--> ?CO?MAIN
  +--> ?PR?_ZHEN?MAIN
  +--> ?PR?_DELAY?MAIN

?PR?_YINCHU?MAIN                     0230H    0049H
  +--> ?CO?MAIN
  +--> ?PR?_ZHEN?MAIN
  +--> ?PR?_DELAY?MAIN

?PR?FLASH_32?MAIN                    -----    -----
  +--> ?PR?_LINK?MAIN
  +--> ?PR?_XUANZHUANTIAO?MAIN

?PR?_LINK?MAIN                       0230H    0043H
  +--> ?CO?MAIN
  +--> ?PR?_ZHEN?MAIN
  +--> ?PR?_DELAY?MAIN

?PR?_XUANZHUANTIAO?MAIN              0230H    0044H
  +--> ?CO?MAIN
  +--> ?PR?_ZHEN?MAIN
  +--> ?PR?_DELAY?MAIN

?PR?FLASH_33?MAIN                    -----    -----
  +--> ?PR?_XUANZHUANTIAO2?MAIN

?PR?_XUANZHUANTIAO2?MAIN             0230H    0043H
  +--> ?CO?MAIN
  +--> ?PR?_ZHEN?MAIN
  +--> ?PR?_DELAY?MAIN

?PR?FLASH_34?MAIN                    -----    -----
  +--> ?PR?_QUMIANXUANZHUAN?MAIN

?PR?_QUMIANXUANZHUAN?MAIN            0230H    0046H
  +--> ?CO?MAIN
  +--> ?PR?_ZHEN?MAIN
  +--> ?PR?_DELAY?MAIN
  +--> ?PR?_MOVE?MAIN

?PR?FLASH_35?MAIN                    -----    -----
  +--> ?PR?_QUMIANXUANZHUAN2?MAIN

?PR?_QUMIANXUANZHUAN2?MAIN           0230H    0045H
  +--> ?CO?MAIN
  +--> ?PR?_ZHEN?MAIN
BL51 BANKED LINKER/LOCATER V6.22.2.0                                                  06/01/2023  21:05:43  PAGE 11


  +--> ?PR?_DELAY?MAIN
  +--> ?PR?_MOVE?MAIN

?PR?FLASH_36?MAIN                    -----    -----
  +--> ?CO?MAIN
  +--> ?PR?_DONGHUA?MAIN
  +--> ?PR?XZCUBE?MAIN

?PR?_DONGHUA?MAIN                    0231H    0007H
  +--> ?CO?MAIN
  +--> ?PR?_ZHEN?MAIN
  +--> ?PR?_DELAY?MAIN

?PR?XZCUBE?MAIN                      0230H    0001H
  +--> ?PR?_DONGHUA?MAIN
  +--> ?CO?MAIN
  +--> ?PR?_ZHEN?MAIN
  +--> ?PR?_DELAY?MAIN

?PR?FLASH_37?MAIN                    -----    -----
  +--> ?PR?LINK00?MAIN

?PR?LINK00?MAIN                      0230H    0041H
  +--> ?CO?MAIN
  +--> ?PR?_ZHEN?MAIN
  +--> ?PR?_DELAY?MAIN
  +--> ?PR?_PRODUCE_CUBE?MAIN
  +--> ?PR?_MOVE?MAIN

?PR?_PRODUCE_CUBE?MAIN               0276H    0006H

?PR?FLASH_38?MAIN                    -----    -----
  +--> ?PR?_SHENSUO?MAIN

?PR?_SHENSUO?MAIN                    0230H    0043H
  +--> ?CO?MAIN
  +--> ?PR?_MOVE?MAIN
  +--> ?PR?_ZHEN?MAIN
  +--> ?PR?_DELAY?MAIN

?PR?FLASH_39?MAIN                    0230H    0002H
  +--> ?PR?_CUBE?MAIN

?PR?_CUBE?MAIN                       0232H    0044H
  +--> ?CO?MAIN
  +--> ?PR?_PRODUCE_CUBE?MAIN
  +--> ?PR?_PRODUCE_EMPTY?MAIN
  +--> ?PR?_MOVE?MAIN
  +--> ?PR?_ZHEN?MAIN
  +--> ?PR?_DELAY?MAIN

?PR?_PRODUCE_EMPTY?MAIN              0276H    0006H

?PR?FLASH_40?MAIN                    -----    -----
  +--> ?CO?MAIN
  +--> ?PR?_DONGHUA?MAIN

BL51 BANKED LINKER/LOCATER V6.22.2.0                                                  06/01/2023  21:05:43  PAGE 12


?PR?FLASH_41?MAIN                    0230H    0001H
  +--> ?PR?_SHANDIAN?MAIN

?PR?_SHANDIAN?MAIN                   0231H    0042H
  +--> ?CO?MAIN
  +--> ?PR?_ZHEN?MAIN
  +--> ?PR?_DELAY?MAIN

?PR?FLASH_1?MAIN                     0230H    0001H
  +--> ?PR?_CLEAR?MAIN
  +--> ?PR?_TYPE?MAIN
  +--> ?PR?_DELAY?MAIN

?PR?_TYPE?MAIN                       -----    -----
  +--> ?CO?MAIN

?PR?FLASH_17?MAIN                    -----    -----
  +--> ?PR?_CLEAR?MAIN
  +--> ?PR?_TYPE?MAIN
  +--> ?PR?_DELAY?MAIN
  +--> ?PR?_TRAILLER?MAIN

?PR?_TRAILLER?MAIN                   0231H    0004H
  +--> ?PR?_DELAY?MAIN

?PR?FLASH_16?MAIN                    -----    -----
  +--> ?CO?MAIN
  +--> ?PR?_ZIMU?MAIN

?PR?FLASH_14?MAIN                    0230H    0001H
  +--> ?PR?_CLEAR?MAIN
  +--> ?PR?_TYPE_SJ?MAIN
  +--> ?PR?_DELAY?MAIN

?PR?_TYPE_SJ?MAIN                    -----    -----
  +--> ?CO?MAIN

?PR?FLASH_18?MAIN                    -----    -----
  +--> ?CO?MAIN
  +--> ?PR?_PIAOZHI?MAIN

?PR?FLASH_2?MAIN                     0230H    0001H
  +--> ?PR?_CLEAR?MAIN
  +--> ?PR?_CIRP?MAIN
  +--> ?PR?_DELAY?MAIN

?PR?_CIRP?MAIN                       0231H    0001H
  +--> ?CO?MAIN
  +--> ?PR?_POINT?MAIN

?PR?FLASH_3?MAIN                     0230H    0001H
  +--> ?PR?_BOX_APEAK_XY?MAIN
  +--> ?PR?_DELAY?MAIN

?PR?FLASH_4?MAIN                     0230H    000AH
  +--> ?PR?_LINE?MAIN
  +--> ?PR?_DELAY?MAIN
BL51 BANKED LINKER/LOCATER V6.22.2.0                                                  06/01/2023  21:05:43  PAGE 13



?PR?FLASH_5?MAIN                     0230H    0008H
  +--> ?PR?_BOX_APEAK_XY?MAIN
  +--> ?PR?_DELAY?MAIN

?PR?FLASH_6?MAIN                     -----    -----
  +--> ?CO?MAIN
  +--> ?PR?_PIAOZHI?MAIN

?PR?FLASH_7?MAIN                     0230H    0003H
  +--> ?PR?_ROLL_APEAK_YZ?MAIN
  +--> ?PR?_BOX_APEAK_XY?MAIN
  +--> ?PR?_DELAY?MAIN
  +--> ?PR?_ROLL_3_XY?MAIN

?PR?_ROLL_3_XY?MAIN                  0233H    0003H
  +--> ?PR?_BOX_APEAK_XY?MAIN
  +--> ?PR?_DELAY?MAIN

?PR?FLASH_8?MAIN                     0230H    0001H
  +--> ?PR?_TRANOUTCHAR?MAIN
  +--> ?PR?_DELAY?MAIN

?PR?_TRANOUTCHAR?MAIN                0231H    0006H
  +--> ?PR?_BOX_APEAK_XY?MAIN
  +--> ?CO?MAIN
  +--> ?PR?_DELAY?MAIN

?PR?FLASH_9?MAIN                     0230H    000FH
  +--> ?PR?_BOX_APEAK_XY?MAIN
  +--> ?PR?_DELAY?MAIN
  +--> ?PR?_ROLL_APEAK_XY?MAIN
  +--> ?PR?_LINE?MAIN
  +--> ?PR?_CLEAR?MAIN
  +--> ?CO?MAIN
  +--> ?PR?_BOX?MAIN

?PR?_ROLL_APEAK_XY?MAIN              023FH    0003H
  +--> ?PR?_LINE?MAIN
  +--> ?PR?_DELAY?MAIN

?PR?FLASH_10?MAIN                    0230H    0009H
  +--> ?PR?_CLEAR?MAIN
  +--> ?PR?_BOX?MAIN
  +--> ?PR?_DELAY?MAIN
  +--> ?CO?MAIN

?PR?FLASH_11?MAIN                    0230H    0005H
  +--> ?PR?_CLEAR?MAIN
  +--> ?CO?MAIN
  +--> ?PR?_LINE?MAIN
  +--> ?PR?TRANSSS?MAIN
  +--> ?PR?_DELAY?MAIN
  +--> ?PR?_BOX_APEAK_XY?MAIN
  +--> ?PR?_POINT?MAIN

?PR?FLASH_12?MAIN                    -----    -----
BL51 BANKED LINKER/LOCATER V6.22.2.0                                                  06/01/2023  21:05:43  PAGE 14


  +--> ?PR?_CLEAR?MAIN
  +--> ?PR?_ROLLDISPLAY_YD?MAIN

?PR?_ROLLDISPLAY_YD?MAIN             0230H    0004H
  +--> ?CO?MAIN
  +--> ?PR?_BOXTOLA?MAIN
  +--> ?PR?_DELAY?MAIN

?PR?_BOXTOLA?MAIN                    0234H    0002H
  +--> ?PR?_POKE?MAIN

?PR?_POKE?MAIN                       0236H    0004H
  +--> ?PR?_JUDGEBIT?MAIN
  +--> ?PR?_POINT?MAIN

?PR?FLASH_13?MAIN                    0230H    0001H
  +--> ?PR?_CLEAR?MAIN
  +--> ?PR?_TYPE?MAIN
  +--> ?PR?_TRAILLER?MAIN
  +--> ?PR?_DELAY?MAIN

?PR?FLASH_19?MAIN                    0230H    0001H
  +--> ?PR?_TRANOUTCHAR_CU?MAIN
  +--> ?PR?_DELAY?MAIN

?PR?_TRANOUTCHAR_CU?MAIN             0231H    0006H
  +--> ?PR?_BOX_APEAK_XY?MAIN
  +--> ?CO?MAIN
  +--> ?PR?_DELAY?MAIN

?PR?SHANGWEIJI_MOSHI?MAIN            -----    -----
  +--> ?CO?MAIN
  +--> ?PR?_HY?MAIN
  +--> ?PR?_W_SIDE?MAIN
  +--> ?PR?INIT_UART?MAIN

?PR?XIUGAIDONGHUA_MOSHI?MAIN         -----    -----
  +--> ?CO?MAIN
  +--> ?PR?_HY?MAIN
  +--> ?PR?_W_SIDE?MAIN
  +--> ?PR?SINTER?MAIN
  +--> ?PR?GAIZI_KEY2?MAIN
  +--> ?PR?FLASH_13?MAIN
  +--> ?PR?FLASH_43?MAIN
  +--> ?PR?_CLEAR?MAIN
  +--> ?PR?FLASH_19?MAIN
  +--> ?PR?FLASH_44?MAIN
  +--> ?PR?_PIAOZHI?MAIN
  +--> ?PR?FLASH_22?MAIN
  +--> ?PR?_ZIMU?MAIN

?PR?FLASH_43?MAIN                    0230H    0001H
  +--> ?PR?_CLEAR?MAIN
  +--> ?PR?_TYPE1?MAIN
  +--> ?PR?_TRAILLER?MAIN
  +--> ?PR?_DELAY?MAIN

BL51 BANKED LINKER/LOCATER V6.22.2.0                                                  06/01/2023  21:05:43  PAGE 15


?PR?FLASH_44?MAIN                    0230H    0001H
  +--> ?PR?_TRANOUTCHAR_CU1?MAIN
  +--> ?PR?_DELAY?MAIN

?PR?_TRANOUTCHAR_CU1?MAIN            0231H    0006H
  +--> ?PR?_BOX_APEAK_XY?MAIN
  +--> ?PR?_DELAY?MAIN



UNRESOLVED EXTERNAL SYMBOLS:
   FVB



SYMBOL TABLE OF MODULE:  光立方综合功能程序 (MAIN)

  VALUE           TYPE          NAME
  ----------------------------------

  -------         MODULE        MAIN
  C:0000H         SYMBOL        _ICE_DUMMY_
  D:0093H         PUBLIC        P0M1
  D:0092H         PUBLIC        P1M0
  D:0096H         PUBLIC        P2M0
  D:0091H         PUBLIC        P1M1
  D:0080H         PUBLIC        P0
  D:00B2H         PUBLIC        P3M0
  D:0095H         PUBLIC        P2M1
  D:0090H         PUBLIC        P1
  D:00B4H         PUBLIC        P4M0
  D:00B1H         PUBLIC        P3M1
  D:00A0H         PUBLIC        P2
  C:C729H         PUBLIC        _type_sj
  C:A2F7H         PUBLIC        _box_apeak_xy
  D:00B3H         PUBLIC        P4M1
  D:00B0H         PUBLIC        P3
  C:C428H         PUBLIC        serial
  D:0022H         PUBLIC        ldjia_falg
  D:00C0H         PUBLIC        P4
  C:C671H         PUBLIC        yinyue_key2
  D:00C8H         PUBLIC        P5
  C:CAB6H         PUBLIC        _delays
  B:00A8H.7       PUBLIC        EA
  B:0020H.0       PUBLIC        kaiji_flag
  C:8898H         PUBLIC        _produce_empty
  C:7FD6H         PUBLIC        _shensuo
  C:C8EEH         PUBLIC        _clear
  C:AF95H         PUBLIC        _turn_on
  D:0023H         PUBLIC        sdjia_falg
  B:0020H.1       PUBLIC        abcd
  X:0001H         PUBLIC        shuzu8X8
  C:02EAH         PUBLIC        number
  C:C1AAH         PUBLIC        _link_jb0
  D:00A8H         PUBLIC        IE
  C:028AH         PUBLIC        table_3p
  C:B71BH         PUBLIC        link00
BL51 BANKED LINKER/LOCATER V6.22.2.0                                                  06/01/2023  21:05:43  PAGE 16


  C:C946H         PUBLIC        _delay
  C:75E7H         PUBLIC        IR_IN
  C:C917H         PUBLIC        transss
  D:0024H         PUBLIC        layerr
  C:A191H         PUBLIC        _yinchu
  D:00BDH         PUBLIC        ADC_RES
  C:A8DBH         PUBLIC        xzcube
  C:C37BH         PUBLIC        _sendbyte1
  D:0025H         PUBLIC        gaizi
  D:0026H         PUBLIC        pingpu
  X:0041H         PUBLIC        jcount
  B:00A8H.4       PUBLIC        ES
  C:0096H         PUBLIC        table_cha
  C:CBEBH         PUBLIC        sinter
  C:AD62H         PUBLIC        _xuanzhuantiao
  C:C0D4H         PUBLIC        key_baihei_scan
  D:00B8H         PUBLIC        IP
  D:0027H         PUBLIC        read_flag
  B:0098H.0       PUBLIC        RI
  D:0028H         PUBLIC        donghua1
  C:1F32H         PUBLIC        hart_table
  B:0020H.2       PUBLIC        gaizhiflag
  C:A40BH         PUBLIC        _tranoutchar_cu1
  B:0020H.3       PUBLIC        moshi_falg
  X:0042H         PUBLIC        date
  C:8DF6H         PUBLIC        _cube
  C:8C4BH         PUBLIC        _roll_3_xy
  C:C856H         PUBLIC        flash_1
  C:B38EH         PUBLIC        flash_2
  C:C270H         PUBLIC        _voivol
  D:0029H         PUBLIC        moshi
  D:002AH         PUBLIC        abc_falg
  C:A7AEH         PUBLIC        flash_3
  C:C96DH         PUBLIC        _daoxu
  C:2532H         PUBLIC        szfc_table
  D:00D8H         PUBLIC        CCON
  C:67E1H         PUBLIC        flash_4
  C:2D0FH         PUBLIC        flash_5
  C:92DAH         PUBLIC        _leitu
  C:B946H         PUBLIC        main
  C:CB50H         PUBLIC        flash_6
  C:0026H         PUBLIC        ZM
  X:0044H         PUBLIC        abc
  C:B565H         PUBLIC        flash_7
  X:0071H         PUBLIC        abc_char
  C:C8BAH         PUBLIC        flash_8
  C:4672H         PUBLIC        flash_9
  C:967CH         PUBLIC        _line
  D:002BH         PUBLIC        dong
  D:002CH         PUBLIC        dhms_falg
  C:CC6CH         PUBLIC        _abss
  C:615CH         PUBLIC        _qumianxuanzhuan2
  C:C47BH         PUBLIC        _trans
  C:7D6DH         PUBLIC        yinyue_moshi
  C:BC72H         PUBLIC        PWM_LED
  C:6AF2H         PUBLIC        _rain
  C:C140H         PUBLIC        _point
BL51 BANKED LINKER/LOCATER V6.22.2.0                                                  06/01/2023  21:05:43  PAGE 17


  C:CBD2H         PUBLIC        _IRdelay
  D:00BBH         PUBLIC        P4SW
  C:913BH         PUBLIC        _link
  C:7351H         PUBLIC        _print
  C:BF19H         PUBLIC        _cirp
  D:002DH         PUBLIC        ping
  D:002EH         PUBLIC        dnms_falg
  C:C766H         PUBLIC        _poke
  C:BBDBH         PUBLIC        shudu_jian
  C:CCAEH         PUBLIC        delay5us
  D:00BCH         PUBLIC        ADC_CONTR
  D:0099H         PUBLIC        SBUF
  D:0087H         PUBLIC        PCON
  C:08C2H         PUBLIC        tab_xuanzhuantiao
  C:CC91H         PUBLIC        IRInit
  D:002FH         PUBLIC        gai
  D:0030H         PUBLIC        saom
  B:00B0H.2       PUBLIC        IRIN
  C:A67AH         PUBLIC        _tranoutchar
  C:C067H         PUBLIC        shangweiji_moshi
  D:0098H         PUBLIC        SCON
  D:0089H         PUBLIC        TMOD
  D:0088H         PUBLIC        TCON
  C:CAF5H         PUBLIC        init
  D:0031H         PUBLIC        xsdsq
  C:CB8AH         PUBLIC        _abs
  C:05C2H         PUBLIC        tab_dian
  C:8692H         PUBLIC        _zhen
  C:4BE8H         PUBLIC        _move
  C:043AH         PUBLIC        flash0__tab
  C:01D6H         PUBLIC        dat
  C:CC9BH         PUBLIC        _IDelay
  X:008FH         PUBLIC        gaizi_san
  D:0032H         PUBLIC        sjms_falg
  C:CC41H         PUBLIC        _maxt
  C:7877H         PUBLIC        _Vol_watch_0
  X:00CFH         PUBLIC        shuzu8X81
  C:5099H         PUBLIC        _Vol_watch_1
  D:0033H         PUBLIC        ppms_falg
  C:8F9BH         PUBLIC        Vol_watch_2
  C:07C2H         PUBLIC        tab_water
  D:0034H         PUBLIC        gzms_falg
  C:BB3FH         PUBLIC        Vol_watch_3
  C:05B2H         PUBLIC        tab_mian
  B:0020H.4       PUBLIC        M_EN
  C:0AF2H         PUBLIC        bianxing_table
  D:008EH         PUBLIC        AUXR
  C:BA9CH         PUBLIC        shudu_jia
  C:25C2H         SYMBOL        _?ix1000
  B:0020H.5       PUBLIC        start_shuju
  C:2842H         SYMBOL        _?ix1010
  C:2602H         SYMBOL        _?ix1001
  C:C6ECH         PUBLIC        _type
  B:0020H.6       PUBLIC        busy
  C:2ACFH         SYMBOL        _?ix1020
  C:2882H         SYMBOL        _?ix1011
  C:2642H         SYMBOL        _?ix1002
BL51 BANKED LINKER/LOCATER V6.22.2.0                                                  06/01/2023  21:05:43  PAGE 18


  C:2582H         PUBLIC        tab_rain
  B:0020H.7       PUBLIC        gaizi1_flag
  D:0035H         PUBLIC        msd
  C:2B0FH         SYMBOL        _?ix1021
  C:28C2H         SYMBOL        _?ix1012
  C:2682H         SYMBOL        _?ix1003
  B:0021H.0       PUBLIC        gaizi2_flag
  D:0036H         PUBLIC        cnt
  D:0037H         PUBLIC        cot
  C:2B4FH         SYMBOL        _?ix1022
  C:2902H         SYMBOL        _?ix1013
  C:26C2H         SYMBOL        _?ix1004
  C:C6ADH         PUBLIC        _max
  C:6DEFH         PUBLIC        _zimu
  B:0021H.1       PUBLIC        gaizi3_flag
  D:0038H         PUBLIC        cd
  D:00E0H         PUBLIC        ACC
  C:2BCFH         SYMBOL        _?ix1023
  C:CC05H         PUBLIC        _Delaypwm
  C:2942H         SYMBOL        _?ix1014
  C:2702H         SYMBOL        _?ix1005
  C:0472H         PUBLIC        yc_table
  C:C7DEH         PUBLIC        donghua_key2
  X:010FH         PUBLIC        gaizi_geshu1
  B:0021H.2       PUBLIC        gaizi4_flag
  C:2C0FH         SYMBOL        _?ix1024
  C:2982H         SYMBOL        _?ix1015
  C:2742H         SYMBOL        _?ix1006
  C:08A2H         PUBLIC        tab_print
  C:015EH         PUBLIC        table_yd
  X:0110H         PUBLIC        gaizi_geshu2
  B:00A8H.1       PUBLIC        ET0
  C:2C4FH         SYMBOL        _?ix1025
  C:29C2H         SYMBOL        _?ix1016
  C:2782H         SYMBOL        _?ix1007
  C:556CH         PUBLIC        _box
  X:0111H         PUBLIC        gaizi_geshu3
  D:0039H         PUBLIC        displayck
  B:00A8H.3       PUBLIC        ET1
  C:2C8FH         SYMBOL        _?ix1026
  C:2A02H         SYMBOL        _?ix1017
  C:27C2H         SYMBOL        _?ix1008
  C:05BAH         PUBLIC        tab_xian
  C:B19DH         PUBLIC        _shandian
  C:B891H         PUBLIC        _xuanzhuantiao2
  C:2CCFH         SYMBOL        _?ix1027
  C:2A42H         SYMBOL        _?ix1018
  C:2802H         SYMBOL        _?ix1009
  B:00C0H.4       PUBLIC        PWM_POW
  D:008CH         PUBLIC        TH0
  C:2A8FH         SYMBOL        _?ix1019
  D:008DH         PUBLIC        TH1
  B:00A8H.0       PUBLIC        EX0
  C:A04AH         PUBLIC        _H_scan
  X:0112H         PUBLIC        gaizi_er
  C:02A2H         PUBLIC        table_3p_zf
  X:0152H         PUBLIC        ld
BL51 BANKED LINKER/LOCATER V6.22.2.0                                                  06/01/2023  21:05:43  PAGE 19


  D:008AH         PUBLIC        TL0
  D:008BH         PUBLIC        TL1
  C:3AE8H         PUBLIC        flash_10
  C:0116H         PUBLIC        table_cha_cu
  C:B09FH         PUBLIC        flash_20
  C:9476H         PUBLIC        flash_11
  C:CBBBH         PUBLIC        _judgebit
  C:C62DH         PUBLIC        flash_30
  C:C5EDH         PUBLIC        flash_21
  C:CC79H         PUBLIC        flash_12
  C:CB14H         PUBLIC        flash_40
  C:C888H         PUBLIC        flash_31
  C:C9BFH         PUBLIC        flash_22
  C:C51FH         PUBLIC        flash_13
  C:CA55H         PUBLIC        init_uart
  C:C9E5H         PUBLIC        flash_41
  C:CA96H         PUBLIC        flash_32
  C:40EFH         PUBLIC        flash_23
  C:C322H         PUBLIC        flash_14
  B:0088H.4       PUBLIC        TR0
  C:CAD6H         PUBLIC        Read_ADC0
  C:CC5EH         PUBLIC        flash_42
  C:CC21H         PUBLIC        flash_33
  C:BD94H         PUBLIC        flash_24
  C:CC0FH         PUBLIC        flash_15
  C:00D6H         PUBLIC        table_cha_sj
  C:8A82H         PUBLIC        _water1
  B:0088H.6       PUBLIC        TR1
  C:C4CDH         PUBLIC        flash_43
  C:CB6CH         PUBLIC        flash_34
  C:9EF3H         PUBLIC        flash_25
  C:CA76H         PUBLIC        flash_16
  C:70A8H         PUBLIC        _water2
  D:0079H         PUBLIC        sj_read_flag
  C:C3D4H         PUBLIC        flash_44
  C:CC31H         PUBLIC        flash_35
  C:CBA1H         PUBLIC        flash_26
  C:C997H         PUBLIC        flash_17
  C:59CFH         PUBLIC        _water3
  C:C5ABH         PUBLIC        flash_36
  C:823CH         PUBLIC        flash_27
  C:CA31H         PUBLIC        flash_18
  X:0154H         PUBLIC        gaizi_yi
  B:00B0H.7       PUBLIC        CLK
  C:CC85H         PUBLIC        flash_37
  C:AA02H         PUBLIC        flash_28
  C:C566H         PUBLIC        flash_19
  C:CC50H         PUBLIC        flash_38
  D:009DH         PUBLIC        P1ASF
  C:BFF8H         PUBLIC        flash_39
  C:1732H         PUBLIC        yx_table
  C:AC46H         PUBLIC        _V_scan
  C:CCA5H         PUBLIC        delay10us
  C:10B2H         PUBLIC        xz_table
  C:BF87H         PUBLIC        _W_scan
  C:B488H         PUBLIC        _W_side
  D:007AH         PUBLIC        gzdh3_falg
BL51 BANKED LINKER/LOCATER V6.22.2.0                                                  06/01/2023  21:05:43  PAGE 20


  D:00BEH         PUBLIC        ADC_RESL
  C:5DACH         PUBLIC        print1
  C:979CH         PUBLIC        _hy
  D:00B7H         PUBLIC        IPH
  X:0194H         PUBLIC        gzdh3
  B:0021H.3       PUBLIC        start1
  C:1DB2H         PUBLIC        x_table
  C:C20BH         PUBLIC        _sendbyte
  B:0021H.4       PUBLIC        start2
  X:0195H         PUBLIC        gzdh3_char
  C:1FB2H         PUBLIC        tab_shandian
  C:0DB2H         PUBLIC        y_table
  C:0932H         PUBLIC        tab_xuanzhuantiao2
  C:AE7DH         PUBLIC        _trailler
  B:0021H.5       PUBLIC        start3
  B:0090H.6       PUBLIC        M_HG_DS0
  C:0F32H         PUBLIC        z_table
  C:AB27H         PUBLIC        _szfc0
  X:01D5H         PUBLIC        liangdu
  B:0080H.7       PUBLIC        M_LG_DS0
  C:BE24H         PUBLIC        _donghua
  C:0256H         PUBLIC        dat2
  C:A543H         PUBLIC        _tranoutchar_cu
  C:0272H         PUBLIC        dat3
  C:64CAH         PUBLIC        donghua_moshi
  C:000EH         PUBLIC        ADC0_Init
  B:0090H.4       PUBLIC        M_HR_DS0
  X:01D7H         PUBLIC        gzms_falg1
  D:007BH         PUBLIC        ldjian_falg
  X:01D8H         PUBLIC        gzms_falg2
  D:00A2H         PUBLIC        AUXR1
  C:9925H         PUBLIC        _roll_apeak_xy
  X:01D9H         PUBLIC        gzms_falg3
  B:0090H.7       PUBLIC        M_LR_DS0
  C:C81AH         PUBLIC        gaizi_key2
  X:01DAH         PUBLIC        gzms_falg4
  C:C7A2H         PUBLIC        _type1
  C:BE95H         PUBLIC        _rolldisplay_yd
  C:9D9DH         PUBLIC        _roll_apeak_yz
  X:01DBH         PUBLIC        gzms_falg5
  X:01DCH         PUBLIC        donghua_shudu
  B:00B0H.6       PUBLIC        SUO
  C:B649H         PUBLIC        _produce_cube
  C:34BCH         PUBLIC        _qumianxuanzhuan
  C:9C26H         PUBLIC        _piaozhi
  D:007CH         PUBLIC        sdjian_falg
  C:9AA6H         PUBLIC        xiugaidonghua_moshi
  X:01DEH         PUBLIC        display
  D:00D0H         PUBLIC        PSW
  X:021EH         PUBLIC        IRCOM
  C:B297H         PUBLIC        _fun1
  C:CA1FH         PUBLIC        _delayus
  B:0021H.6       PUBLIC        key1
  B:0080H.0       PUBLIC        K1
  C:CB32H         PUBLIC        _delayyp
  C:7B00H         PUBLIC        _jb0
  D:007DH         PUBLIC        key2
BL51 BANKED LINKER/LOCATER V6.22.2.0                                                  06/01/2023  21:05:43  PAGE 21


  C:B9F5H         PUBLIC        _boxtola
  C:C2C8H         PUBLIC        _hansao
  D:007EH         PUBLIC        key3
  D:0094H         PUBLIC        P0M0
  -------         PROC          _JUDGEBIT
  D:0007H         SYMBOL        num
  D:0005H         SYMBOL        b
  -------         DO            
  D:0006H         SYMBOL        n
  -------         ENDDO         
  C:CBBBH         LINE#         7
  C:CBBBH         LINE#         8
  C:CBBBH         LINE#         10
  C:CBC7H         LINE#         11
  C:CBC9H         LINE#         12
  C:CBCDH         LINE#         14
  C:CBCFH         LINE#         15
  C:CBD1H         LINE#         16
  -------         ENDPROC       _JUDGEBIT
  -------         PROC          L?2741
  -------         ENDPROC       L?2741
  -------         PROC          _ABS
  D:0007H         SYMBOL        a
  -------         DO            
  D:0006H         SYMBOL        b
  -------         ENDDO         
  C:CB8AH         LINE#         18
  C:CB8AH         LINE#         19
  C:CB8AH         LINE#         21
  C:CB90H         LINE#         22
  C:CB98H         LINE#         23
  C:CB9DH         LINE#         24
  C:CB9EH         LINE#         25
  C:CBA0H         LINE#         26
  -------         ENDPROC       _ABS
  -------         PROC          _ABSS
  D:0007H         SYMBOL        a
  C:CC6CH         LINE#         28
  C:CC6CH         LINE#         29
  C:CC6CH         LINE#         30
  C:CC74H         LINE#         31
  C:CC78H         LINE#         32
  C:CC78H         LINE#         33
  -------         ENDPROC       _ABSS
  -------         PROC          _MAX
  X:0248H         SYMBOL        a
  X:024BH         SYMBOL        b
  -------         DO            
  D:0006H         SYMBOL        t
  -------         ENDDO         
  C:C6ADH         LINE#         36
  C:C6B8H         LINE#         37
  C:C6B8H         LINE#         39
  C:C6D8H         LINE#         40
  C:C6D8H         LINE#         41
  C:C6D8H         LINE#         42
  C:C6DCH         LINE#         43
BL51 BANKED LINKER/LOCATER V6.22.2.0                                                  06/01/2023  21:05:43  PAGE 22


  C:C6EBH         LINE#         44
  C:C6EBH         LINE#         45
  -------         ENDPROC       _MAX
  -------         PROC          _MAXT
  D:0007H         SYMBOL        a
  D:0005H         SYMBOL        b
  D:0003H         SYMBOL        c
  C:CC41H         LINE#         47
  C:CC41H         LINE#         48
  C:CC41H         LINE#         49
  C:CC46H         LINE#         50
  C:CC48H         LINE#         51
  C:CC4DH         LINE#         52
  C:CC4FH         LINE#         53
  C:CC4FH         LINE#         54
  -------         ENDPROC       _MAXT
  C:C8EAH         SYMBOL        L?2731
  -------         PROC          L?2730
  -------         ENDPROC       L?2730
  C:C8EAH         SYMBOL        L?2731
  -------         PROC          _CLEAR
  D:0007H         SYMBOL        le
  -------         DO            
  D:0005H         SYMBOL        i
  D:0006H         SYMBOL        j
  -------         ENDDO         
  C:C8EEH         LINE#         55
  C:C8EEH         LINE#         56
  C:C8EEH         LINE#         58
  C:C8F0H         LINE#         59
  C:C8F0H         LINE#         60
  C:C8F2H         LINE#         61
  C:C911H         LINE#         62
  C:C916H         LINE#         63
  -------         ENDPROC       _CLEAR
  -------         PROC          _TYPE
  D:0007H         SYMBOL        cha
  D:0005H         SYMBOL        y
  -------         DO            
  D:0006H         SYMBOL        xx
  -------         ENDDO         
  C:C6ECH         LINE#         64
  C:C6ECH         LINE#         65
  C:C6ECH         LINE#         67
  C:C6EEH         LINE#         68
  C:C6EEH         LINE#         69
  C:C723H         LINE#         70
  C:C728H         LINE#         71
  -------         ENDPROC       _TYPE
  -------         PROC          L?2738
  -------         ENDPROC       L?2738
  -------         PROC          _CIRP
  D:0007H         SYMBOL        cpp
  D:0005H         SYMBOL        dir
  D:0006H         SYMBOL        le
  -------         DO            
  D:0004H         SYMBOL        a
BL51 BANKED LINKER/LOCATER V6.22.2.0                                                  06/01/2023  21:05:43  PAGE 23


  D:0005H         SYMBOL        b
  D:0003H         SYMBOL        c
  X:0231H         SYMBOL        cp
  -------         ENDDO         
  C:BF19H         LINE#         76
  C:BF1BH         LINE#         77
  C:BF1BH         LINE#         79
  C:BF44H         LINE#         80
  C:BF44H         LINE#         81
  C:BF47H         LINE#         82
  C:BF51H         LINE#         84
  C:BF56H         LINE#         85
  C:BF65H         LINE#         86
  C:BF6BH         LINE#         87
  C:BF70H         LINE#         89
  C:BF78H         LINE#         90
  C:BF7CH         LINE#         91
  C:BF86H         LINE#         92
  C:BF86H         LINE#         93
  -------         ENDPROC       _CIRP
  -------         PROC          _TYPE_SJ
  D:0007H         SYMBOL        cha
  D:0005H         SYMBOL        y
  -------         DO            
  D:0006H         SYMBOL        xx
  -------         ENDDO         
  C:C729H         LINE#         95
  C:C729H         LINE#         96
  C:C729H         LINE#         98
  C:C72BH         LINE#         99
  C:C72BH         LINE#         100
  C:C760H         LINE#         101
  C:C765H         LINE#         102
  -------         ENDPROC       _TYPE_SJ
  C:554DH         SYMBOL        L?2721
  C:5568H         SYMBOL        L?2722
  -------         PROC          L?2720
  -------         ENDPROC       L?2720
  C:554DH         SYMBOL        L?2721
  C:5568H         SYMBOL        L?2722
  -------         PROC          _BOX
  X:023FH         SYMBOL        x1
  X:0240H         SYMBOL        z1
  X:0241H         SYMBOL        y1
  X:0242H         SYMBOL        x2
  X:0243H         SYMBOL        z2
  X:0244H         SYMBOL        y2
  X:0245H         SYMBOL        fill
  X:0246H         SYMBOL        le
  -------         DO            
  D:0007H         SYMBOL        i
  D:0004H         SYMBOL        j
  X:0247H         SYMBOL        t
  -------         ENDDO         
  C:556CH         LINE#         103
  C:5577H         LINE#         104
  C:5577H         LINE#         105
BL51 BANKED LINKER/LOCATER V6.22.2.0                                                  06/01/2023  21:05:43  PAGE 24


  C:557CH         LINE#         106
  C:5592H         LINE#         107
  C:55A9H         LINE#         108
  C:55C0H         LINE#         109
  C:55CFH         LINE#         110
  C:55E7H         LINE#         111
  C:55EEH         LINE#         112
  C:55F2H         LINE#         113
  C:55FBH         LINE#         114
  C:55FBH         LINE#         115
  C:55FEH         LINE#         116
  C:55FEH         LINE#         117
  C:5610H         LINE#         118
  C:5610H         LINE#         119
  C:561FH         LINE#         120
  C:564CH         LINE#         121
  C:564FH         LINE#         122
  C:564FH         LINE#         124
  C:564FH         LINE#         125
  C:5661H         LINE#         126
  C:5661H         LINE#         127
  C:5670H         LINE#         128
  C:569DH         LINE#         129
  C:56A0H         LINE#         130
  C:56A0H         LINE#         131
  C:56A0H         LINE#         133
  C:56A0H         LINE#         134
  C:56ACH         LINE#         135
  C:56ACH         LINE#         136
  C:56D9H         LINE#         137
  C:570BH         LINE#         138
  C:573DH         LINE#         139
  C:5768H         LINE#         140
  C:576BH         LINE#         142
  C:576BH         LINE#         143
  C:5798H         LINE#         144
  C:57CAH         LINE#         145
  C:57FCH         LINE#         146
  C:582CH         LINE#         147
  C:582CH         LINE#         148
  C:5852H         LINE#         149
  C:5859H         LINE#         150
  C:585DH         LINE#         151
  C:5863H         LINE#         152
  C:5863H         LINE#         153
  C:5872H         LINE#         154
  C:5872H         LINE#         155
  C:5881H         LINE#         156
  C:58AEH         LINE#         157
  C:58BDH         LINE#         158
  C:58CFH         LINE#         159
  C:58CFH         LINE#         160
  C:58DEH         LINE#         161
  C:590BH         LINE#         162
  C:591AH         LINE#         163
  C:591AH         LINE#         165
  C:591AH         LINE#         166
BL51 BANKED LINKER/LOCATER V6.22.2.0                                                  06/01/2023  21:05:43  PAGE 25


  C:5929H         LINE#         167
  C:5929H         LINE#         168
  C:5938H         LINE#         169
  C:5938H         LINE#         170
  C:5962H         LINE#         171
  C:5965H         LINE#         172
  C:5974H         LINE#         173
  C:5983H         LINE#         174
  C:5983H         LINE#         175
  C:5992H         LINE#         176
  C:5992H         LINE#         177
  C:59BCH         LINE#         178
  C:59BFH         LINE#         179
  C:59CEH         LINE#         180
  C:59CEH         LINE#         181
  C:59CEH         LINE#         182
  -------         ENDPROC       _BOX
  -------         PROC          _POKE
  X:0236H         SYMBOL        n
  X:0237H         SYMBOL        x
  X:0238H         SYMBOL        y
  -------         DO            
  X:0239H         SYMBOL        i
  -------         ENDDO         
  C:C766H         LINE#         184
  C:C771H         LINE#         185
  C:C771H         LINE#         187
  C:C77EH         LINE#         188
  C:C77EH         LINE#         189
  C:C799H         LINE#         190
  C:C7A1H         LINE#         191
  -------         ENDPROC       _POKE
  -------         PROC          _BOXTOLA
  X:0234H         SYMBOL        i
  X:0235H         SYMBOL        n
  C:B9F5H         LINE#         192
  C:B9FFH         LINE#         193
  C:B9FFH         LINE#         194
  C:BA22H         LINE#         195
  C:BA22H         LINE#         196
  C:BA31H         LINE#         197
  C:BA31H         LINE#         198
  C:BA55H         LINE#         199
  C:BA55H         LINE#         200
  C:BA66H         LINE#         201
  C:BA66H         LINE#         202
  C:BA8AH         LINE#         203
  C:BA8AH         LINE#         204
  C:BA9BH         LINE#         205
  C:BA9BH         LINE#         206
  -------         ENDPROC       _BOXTOLA
  -------         PROC          _ROLLDISPLAY_YD
  X:0230H         SYMBOL        speed
  -------         DO            
  X:0232H         SYMBOL        j
  X:0233H         SYMBOL        i
  D:0007H         SYMBOL        a
BL51 BANKED LINKER/LOCATER V6.22.2.0                                                  06/01/2023  21:05:43  PAGE 26


  -------         ENDDO         
  C:BE95H         LINE#         207
  C:BE9DH         LINE#         208
  C:BE9DH         LINE#         211
  C:BEAEH         LINE#         212
  C:BEAEH         LINE#         213
  C:BEBDH         LINE#         214
  C:BEBDH         LINE#         215
  C:BEC1H         LINE#         216
  C:BEE0H         LINE#         217
  C:BEECH         LINE#         218
  C:BEF4H         LINE#         219
  C:BEFFH         LINE#         220
  C:BF08H         LINE#         221
  C:BF10H         LINE#         222
  -------         ENDPROC       _ROLLDISPLAY_YD
  -------         PROC          _TRANOUTCHAR
  X:0231H         SYMBOL        c
  X:0232H         SYMBOL        speed
  -------         DO            
  X:0234H         SYMBOL        i
  D:0004H         SYMBOL        j
  D:0007H         SYMBOL        k
  X:0235H         SYMBOL        a
  X:0236H         SYMBOL        i2
  -------         ENDDO         
  C:A67AH         LINE#         224
  C:A685H         LINE#         225
  C:A685H         LINE#         226
  C:A68AH         LINE#         227
  C:A69BH         LINE#         228
  C:A69BH         LINE#         229
  C:A6A1H         LINE#         230
  C:A6BAH         LINE#         231
  C:A6D5H         LINE#         232
  C:A6DAH         LINE#         233
  C:A6E3H         LINE#         234
  C:A6EFH         LINE#         235
  C:A6EFH         LINE#         236
  C:A703H         LINE#         237
  C:A706H         LINE#         238
  C:A708H         LINE#         239
  C:A708H         LINE#         240
  C:A749H         LINE#         241
  C:A78AH         LINE#         242
  C:A793H         LINE#         243
  C:A79EH         LINE#         244
  C:A7A4H         LINE#         245
  C:A7ADH         LINE#         246
  -------         ENDPROC       _TRANOUTCHAR
  -------         PROC          _TRANOUTCHAR_CU
  X:0231H         SYMBOL        c
  X:0232H         SYMBOL        speed
  -------         DO            
  X:0234H         SYMBOL        i
  D:0004H         SYMBOL        j
  D:0007H         SYMBOL        k
BL51 BANKED LINKER/LOCATER V6.22.2.0                                                  06/01/2023  21:05:43  PAGE 27


  X:0235H         SYMBOL        a
  X:0236H         SYMBOL        i2
  -------         ENDDO         
  C:A543H         LINE#         247
  C:A54EH         LINE#         248
  C:A54EH         LINE#         249
  C:A553H         LINE#         250
  C:A564H         LINE#         251
  C:A564H         LINE#         252
  C:A56AH         LINE#         253
  C:A583H         LINE#         254
  C:A59EH         LINE#         255
  C:A5A3H         LINE#         256
  C:A5ACH         LINE#         257
  C:A5B8H         LINE#         258
  C:A5B8H         LINE#         259
  C:A5CCH         LINE#         260
  C:A5CFH         LINE#         261
  C:A5D1H         LINE#         262
  C:A5D1H         LINE#         263
  C:A612H         LINE#         264
  C:A653H         LINE#         265
  C:A65CH         LINE#         266
  C:A667H         LINE#         267
  C:A670H         LINE#         268
  C:A679H         LINE#         269
  -------         ENDPROC       _TRANOUTCHAR_CU
  -------         PROC          TRANSSS
  -------         DO            
  D:0007H         SYMBOL        i
  D:0006H         SYMBOL        j
  -------         ENDDO         
  C:C917H         LINE#         270
  C:C917H         LINE#         271
  C:C917H         LINE#         273
  C:C919H         LINE#         274
  C:C919H         LINE#         275
  C:C91BH         LINE#         276
  C:C93CH         LINE#         277
  C:C941H         LINE#         278
  -------         ENDPROC       TRANSSS
  -------         PROC          L?2739
  -------         ENDPROC       L?2739
  -------         PROC          _HY
  X:0272H         SYMBOL        tab
  X:0275H         SYMBOL        v
  -------         DO            
  X:0276H         SYMBOL        a
  X:02B6H         SYMBOL        i
  X:02B7H         SYMBOL        j
  -------         ENDDO         
  C:979CH         LINE#         280
  C:97AAH         LINE#         281
  C:97AAH         LINE#         282
  C:97BDH         LINE#         284
  C:97C2H         LINE#         285
  C:9802H         LINE#         286
BL51 BANKED LINKER/LOCATER V6.22.2.0                                                  06/01/2023  21:05:43  PAGE 28


  C:980BH         LINE#         287
  C:9815H         LINE#         288
  C:9818H         LINE#         290
  C:981EH         LINE#         291
  C:981EH         LINE#         292
  C:982FH         LINE#         293
  C:986EH         LINE#         294
  C:9874H         LINE#         295
  C:9882H         LINE#         296
  C:9885H         LINE#         297
  C:988EH         LINE#         298
  C:989CH         LINE#         300
  C:98A1H         LINE#         301
  C:98A1H         LINE#         302
  C:98B2H         LINE#         303
  C:98E5H         LINE#         304
  C:98EBH         LINE#         305
  C:98F9H         LINE#         306
  C:98FCH         LINE#         307
  C:9902H         LINE#         308
  C:9910H         LINE#         309
  C:9916H         LINE#         310
  C:9921H         LINE#         311
  C:9924H         LINE#         312
  -------         ENDPROC       _HY
  -------         PROC          _DAOXU
  D:0007H         SYMBOL        x
  -------         DO            
  D:0006H         SYMBOL        k
  D:0005H         SYMBOL        i
  -------         ENDDO         
  C:C96DH         LINE#         314
  C:C96DH         LINE#         315
  C:C96DH         LINE#         316
  C:C96FH         LINE#         318
  C:C970H         LINE#         319
  C:C970H         LINE#         320
  C:C982H         LINE#         321
  C:C98FH         LINE#         322
  C:C994H         LINE#         323
  C:C996H         LINE#         324
  -------         ENDPROC       _DAOXU
  -------         PROC          _FUN1
  X:02A2H         SYMBOL        a
  X:02A5H         SYMBOL        d
  X:02A6H         SYMBOL        b
  X:02A7H         SYMBOL        c
  X:02A8H         SYMBOL        e
  -------         DO            
  X:02A9H         SYMBOL        i
  -------         ENDDO         
  C:B297H         LINE#         326
  C:B2A5H         LINE#         327
  C:B2A5H         LINE#         329
  C:B2B6H         LINE#         330
  C:B2B6H         LINE#         331
  C:B2D5H         LINE#         332
BL51 BANKED LINKER/LOCATER V6.22.2.0                                                  06/01/2023  21:05:43  PAGE 29


  C:B2DCH         LINE#         333
  C:B2E2H         LINE#         334
  C:B301H         LINE#         335
  C:B31CH         LINE#         336
  C:B321H         LINE#         337
  C:B321H         LINE#         338
  C:B35FH         LINE#         339
  C:B369H         LINE#         340
  C:B373H         LINE#         341
  -------         ENDPROC       _FUN1
  -------         PROC          _ZIMU
  X:0230H         SYMBOL        x
  X:0233H         SYMBOL        n
  X:0234H         SYMBOL        v
  X:0235H         SYMBOL        num
  -------         DO            
  X:0237H         SYMBOL        i
  X:0238H         SYMBOL        j
  X:0239H         SYMBOL        k
  X:023AH         SYMBOL        a
  X:027AH         SYMBOL        temp0
  X:0282H         SYMBOL        temp1
  X:028AH         SYMBOL        temp2
  X:0292H         SYMBOL        temp3
  X:029AH         SYMBOL        temp
  -------         ENDDO         
  C:6DEFH         LINE#         344
  C:6DFDH         LINE#         345
  C:6DFDH         LINE#         347
  C:6E10H         LINE#         348
  C:6E21H         LINE#         349
  C:6E21H         LINE#         350
  C:6E32H         LINE#         351
  C:6E3EH         LINE#         352
  C:6E4AH         LINE#         353
  C:6E56H         LINE#         354
  C:6E5EH         LINE#         355
  C:6E6FH         LINE#         356
  C:6E89H         LINE#         357
  C:6E89H         LINE#         358
  C:6E99H         LINE#         359
  C:6EF0H         LINE#         360
  C:6EF5H         LINE#         361
  C:6EF5H         LINE#         362
  C:6F09H         LINE#         363
  C:6F09H         LINE#         364
  C:6F43H         LINE#         365
  C:6F70H         LINE#         366
  C:6F9DH         LINE#         367
  C:6FCBH         LINE#         368
  C:6FD9H         LINE#         369
  C:704CH         LINE#         370
  C:7059H         LINE#         371
  C:705FH         LINE#         372
  C:7068H         LINE#         373
  C:706EH         LINE#         374
  C:707CH         LINE#         375
BL51 BANKED LINKER/LOCATER V6.22.2.0                                                  06/01/2023  21:05:43  PAGE 30


  C:707FH         LINE#         376
  C:7090H         LINE#         377
  C:7099H         LINE#         378
  C:70A7H         LINE#         379
  -------         ENDPROC       _ZIMU
  C:4BD8H         SYMBOL        L?2716
  C:4BDCH         SYMBOL        L?2717
  C:4BDEH         SYMBOL        L?2718
  -------         PROC          L?2715
  -------         ENDPROC       L?2715
  C:4BD8H         SYMBOL        L?2716
  C:4BDCH         SYMBOL        L?2717
  C:4BDEH         SYMBOL        L?2718
  -------         PROC          _MOVE
  X:0279H         SYMBOL        a
  D:0005H         SYMBOL        kind
  X:027DH         SYMBOL        direction
  X:027EH         SYMBOL        length
  -------         DO            
  X:027FH         SYMBOL        i
  X:0280H         SYMBOL        j
  -------         ENDDO         
  C:4BE8H         LINE#         380
  C:4BF3H         LINE#         382
  C:4BF3H         LINE#         384
  C:4BF9H         LINE#         385
  C:4BF9H         LINE#         386
  C:4C00H         LINE#         387
  C:4C14H         LINE#         388
  C:4C48H         LINE#         390
  C:4C5CH         LINE#         391
  C:4C90H         LINE#         392
  C:4C90H         LINE#         393
  C:4C98H         LINE#         394
  C:4C98H         LINE#         395
  C:4CA3H         LINE#         396
  C:4CA7H         LINE#         397
  C:4CA7H         LINE#         398
  C:4CC0H         LINE#         399
  C:4D3BH         LINE#         400
  C:4D53H         LINE#         401
  C:4D8BH         LINE#         402
  C:4D9AH         LINE#         404
  C:4D9FH         LINE#         405
  C:4D9FH         LINE#         406
  C:4DB7H         LINE#         407
  C:4E31H         LINE#         408
  C:4E48H         LINE#         409
  C:4E80H         LINE#         410
  C:4E8FH         LINE#         411
  C:4E8FH         LINE#         413
  C:4E8FH         LINE#         414
  C:4E9AH         LINE#         415
  C:4E9EH         LINE#         416
  C:4E9EH         LINE#         417
  C:4EBAH         LINE#         418
  C:4F39H         LINE#         419
BL51 BANKED LINKER/LOCATER V6.22.2.0                                                  06/01/2023  21:05:43  PAGE 31


  C:4F51H         LINE#         420
  C:4F8CH         LINE#         421
  C:4F9BH         LINE#         423
  C:4FA0H         LINE#         424
  C:4FA0H         LINE#         425
  C:4FBDH         LINE#         426
  C:5039H         LINE#         427
  C:5050H         LINE#         428
  C:508AH         LINE#         429
  C:5098H         LINE#         430
  C:5098H         LINE#         431
  -------         ENDPROC       _MOVE
  -------         PROC          _LEITU
  X:0230H         SYMBOL        b
  X:0233H         SYMBOL        num
  X:0234H         SYMBOL        v
  -------         DO            
  X:0235H         SYMBOL        a
  D:0007H         SYMBOL        p
  X:0275H         SYMBOL        i
  X:0276H         SYMBOL        j
  X:0277H         SYMBOL        k
  X:0278H         SYMBOL        m
  -------         ENDDO         
  C:92DAH         LINE#         433
  C:92E8H         LINE#         434
  C:92E8H         LINE#         435
  C:92FBH         LINE#         437
  C:9318H         LINE#         438
  C:9318H         LINE#         439
  C:931DH         LINE#         440
  C:9322H         LINE#         441
  C:9327H         LINE#         442
  C:9327H         LINE#         443
  C:9389H         LINE#         444
  C:938BH         LINE#         445
  C:938BH         LINE#         446
  C:93AFH         LINE#         447
  C:93B5H         LINE#         448
  C:93C3H         LINE#         449
  C:93C6H         LINE#         450
  C:93CFH         LINE#         451
  C:93CFH         LINE#         452
  C:9402H         LINE#         453
  C:9408H         LINE#         454
  C:9413H         LINE#         455
  C:9416H         LINE#         456
  C:9427H         LINE#         457
  C:9427H         LINE#         458
  C:9439H         LINE#         459
  C:9439H         LINE#         460
  C:9445H         LINE#         461
  C:944BH         LINE#         462
  C:945AH         LINE#         463
  C:945DH         LINE#         464
  C:9465H         LINE#         465
  C:946CH         LINE#         466
BL51 BANKED LINKER/LOCATER V6.22.2.0                                                  06/01/2023  21:05:43  PAGE 32


  C:9475H         LINE#         467
  -------         ENDPROC       _LEITU
  -------         PROC          _WATER1
  X:0230H         SYMBOL        x
  X:0231H         SYMBOL        y
  X:0232H         SYMBOL        v
  -------         DO            
  X:0233H         SYMBOL        a
  X:0273H         SYMBOL        i
  X:0274H         SYMBOL        r
  -------         ENDDO         
  C:8A82H         LINE#         472
  C:8A8DH         LINE#         473
  C:8A8DH         LINE#         474
  C:8AA0H         LINE#         476
  C:8AC6H         LINE#         477
  C:8ACFH         LINE#         478
  C:8ADDH         LINE#         479
  C:8AE0H         LINE#         480
  C:8AE9H         LINE#         481
  C:8AFEH         LINE#         482
  C:8AFEH         LINE#         483
  C:8B39H         LINE#         484
  C:8B59H         LINE#         485
  C:8B5FH         LINE#         486
  C:8B6DH         LINE#         487
  C:8B74H         LINE#         488
  C:8B7DH         LINE#         489
  C:8B86H         LINE#         490
  C:8B8BH         LINE#         491
  C:8B8BH         LINE#         492
  C:8B9CH         LINE#         493
  C:8C17H         LINE#         494
  C:8C1DH         LINE#         495
  C:8C2CH         LINE#         496
  C:8C33H         LINE#         497
  C:8C39H         LINE#         498
  C:8C4AH         LINE#         499
  -------         ENDPROC       _WATER1
  -------         PROC          _WATER2
  X:0230H         SYMBOL        x1
  X:0231H         SYMBOL        y1
  X:0232H         SYMBOL        x2
  X:0233H         SYMBOL        y2
  X:0234H         SYMBOL        v
  -------         DO            
  X:0235H         SYMBOL        a
  X:0275H         SYMBOL        i
  X:0276H         SYMBOL        r
  -------         ENDDO         
  C:70A8H         LINE#         500
  C:70B3H         LINE#         501
  C:70B3H         LINE#         502
  C:70C6H         LINE#         504
  C:70ECH         LINE#         505
  C:70F5H         LINE#         506
  C:7103H         LINE#         507
BL51 BANKED LINKER/LOCATER V6.22.2.0                                                  06/01/2023  21:05:43  PAGE 33


  C:7106H         LINE#         508
  C:710FH         LINE#         509
  C:7115H         LINE#         510
  C:7115H         LINE#         511
  C:7128H         LINE#         512
  C:712FH         LINE#         513
  C:712FH         LINE#         514
  C:7155H         LINE#         515
  C:7155H         LINE#         516
  C:715BH         LINE#         517
  C:7169H         LINE#         518
  C:7170H         LINE#         519
  C:7179H         LINE#         520
  C:7187H         LINE#         521
  C:719BH         LINE#         522
  C:719BH         LINE#         523
  C:71A3H         LINE#         524
  C:71B9H         LINE#         526
  C:71CAH         LINE#         527
  C:7245H         LINE#         528
  C:7253H         LINE#         529
  C:7267H         LINE#         530
  C:72F0H         LINE#         531
  C:72F7H         LINE#         532
  C:7326H         LINE#         533
  C:732CH         LINE#         534
  C:733AH         LINE#         535
  C:7341H         LINE#         536
  C:7347H         LINE#         537
  C:7350H         LINE#         538
  -------         ENDPROC       _WATER2
  -------         PROC          _WATER3
  X:0230H         SYMBOL        x1
  X:0231H         SYMBOL        y1
  X:0232H         SYMBOL        x2
  X:0233H         SYMBOL        y2
  X:0234H         SYMBOL        x3
  X:0235H         SYMBOL        y3
  X:0236H         SYMBOL        v
  -------         DO            
  X:0237H         SYMBOL        a
  X:0277H         SYMBOL        i
  X:0278H         SYMBOL        r
  -------         ENDDO         
  C:59CFH         LINE#         539
  C:59DAH         LINE#         540
  C:59DAH         LINE#         541
  C:59EDH         LINE#         543
  C:5A13H         LINE#         544
  C:5A1CH         LINE#         545
  C:5A2AH         LINE#         546
  C:5A31H         LINE#         547
  C:5A3AH         LINE#         548
  C:5A40H         LINE#         549
  C:5A40H         LINE#         550
  C:5A53H         LINE#         551
  C:5A5BH         LINE#         552
BL51 BANKED LINKER/LOCATER V6.22.2.0                                                  06/01/2023  21:05:43  PAGE 34


  C:5A81H         LINE#         553
  C:5A85H         LINE#         554
  C:5AABH         LINE#         555
  C:5AB1H         LINE#         556
  C:5ABFH         LINE#         557
  C:5AC6H         LINE#         558
  C:5ACFH         LINE#         559
  C:5AE0H         LINE#         560
  C:5AF4H         LINE#         561
  C:5AF4H         LINE#         562
  C:5AFCH         LINE#         563
  C:5B0FH         LINE#         564
  C:5B29H         LINE#         565
  C:5B3AH         LINE#         566
  C:5BB5H         LINE#         567
  C:5BCFH         LINE#         568
  C:5BE3H         LINE#         569
  C:5C6CH         LINE#         570
  C:5C7AH         LINE#         571
  C:5C8EH         LINE#         572
  C:5D17H         LINE#         573
  C:5D1FH         LINE#         574
  C:5D4EH         LINE#         575
  C:5D52H         LINE#         576
  C:5D81H         LINE#         577
  C:5D87H         LINE#         578
  C:5D95H         LINE#         579
  C:5D9CH         LINE#         580
  C:5DA2H         LINE#         581
  C:5DABH         LINE#         582
  -------         ENDPROC       _WATER3
  -------         PROC          _PRINT
  X:0231H         SYMBOL        a
  X:0234H         SYMBOL        m
  -------         DO            
  X:0235H         SYMBOL        p
  X:0236H         SYMBOL        i
  X:0237H         SYMBOL        j
  X:0238H         SYMBOL        k
  X:0239H         SYMBOL        b
  -------         ENDDO         
  C:7351H         LINE#         584
  C:735FH         LINE#         585
  C:735FH         LINE#         588
  C:7372H         LINE#         589
  C:7383H         LINE#         590
  C:7383H         LINE#         591
  C:7395H         LINE#         592
  C:739DH         LINE#         593
  C:73A2H         LINE#         594
  C:73A2H         LINE#         595
  C:73B6H         LINE#         596
  C:73B6H         LINE#         597
  C:73E1H         LINE#         598
  C:73E6H         LINE#         599
  C:73E6H         LINE#         600
  C:73FBH         LINE#         601
BL51 BANKED LINKER/LOCATER V6.22.2.0                                                  06/01/2023  21:05:43  PAGE 35


  C:73FBH         LINE#         602
  C:7407H         LINE#         603
  C:7407H         LINE#         605
  C:7448H         LINE#         606
  C:7492H         LINE#         607
  C:749BH         LINE#         608
  C:74A1H         LINE#         609
  C:74ACH         LINE#         610
  C:74AFH         LINE#         611
  C:74B8H         LINE#         612
  C:74D5H         LINE#         613
  C:74F9H         LINE#         614
  C:7502H         LINE#         615
  C:7508H         LINE#         616
  C:7513H         LINE#         617
  C:7516H         LINE#         618
  C:7516H         LINE#         619
  C:7543H         LINE#         620
  C:754CH         LINE#         621
  C:755DH         LINE#         622
  C:7566H         LINE#         623
  C:756CH         LINE#         624
  C:7577H         LINE#         625
  C:757AH         LINE#         626
  C:757FH         LINE#         627
  C:7585H         LINE#         628
  C:7585H         LINE#         629
  C:7597H         LINE#         630
  C:7597H         LINE#         631
  C:75B4H         LINE#         633
  C:75BCH         LINE#         634
  C:75C2H         LINE#         635
  C:75C8H         LINE#         636
  C:75D3H         LINE#         637
  C:75D6H         LINE#         638
  C:75E4H         LINE#         639
  C:75E6H         LINE#         640
  -------         ENDPROC       _PRINT
  -------         PROC          _LINK_JB0
  X:0230H         SYMBOL        v
  -------         DO            
  X:0231H         SYMBOL        a
  X:0271H         SYMBOL        i
  -------         ENDDO         
  C:C1AAH         LINE#         642
  C:C1AFH         LINE#         643
  C:C1AFH         LINE#         644
  C:C1C2H         LINE#         646
  C:C1D3H         LINE#         647
  C:C1D3H         LINE#         648
  C:C1E5H         LINE#         649
  C:C1EBH         LINE#         650
  C:C1F9H         LINE#         651
  C:C1FCH         LINE#         652
  C:C202H         LINE#         653
  C:C20AH         LINE#         654
  -------         ENDPROC       _LINK_JB0
BL51 BANKED LINKER/LOCATER V6.22.2.0                                                  06/01/2023  21:05:43  PAGE 36


  -------         PROC          _JB0
  X:0230H         SYMBOL        num
  X:0231H         SYMBOL        v
  -------         DO            
  X:0232H         SYMBOL        i
  X:0233H         SYMBOL        k
  X:0234H         SYMBOL        c
  -------         ENDDO         
  C:7B00H         LINE#         655
  C:7B08H         LINE#         656
  C:7B08H         LINE#         658
  C:7B1BH         LINE#         659
  C:7B2CH         LINE#         660
  C:7B46H         LINE#         661
  C:7B4FH         LINE#         662
  C:7B5DH         LINE#         663
  C:7B60H         LINE#         664
  C:7B69H         LINE#         665
  C:7B76H         LINE#         666
  C:7B87H         LINE#         667
  C:7B87H         LINE#         668
  C:7B8FH         LINE#         669
  C:7BA1H         LINE#         670
  C:7BA1H         LINE#         671
  C:7BDAH         LINE#         672
  C:7C00H         LINE#         673
  C:7C08H         LINE#         674
  C:7C14H         LINE#         675
  C:7C26H         LINE#         676
  C:7C26H         LINE#         677
  C:7C47H         LINE#         678
  C:7C64H         LINE#         679
  C:7C6CH         LINE#         680
  C:7C74H         LINE#         681
  C:7C88H         LINE#         682
  C:7C88H         LINE#         683
  C:7CA8H         LINE#         684
  C:7CDBH         LINE#         685
  C:7CE3H         LINE#         686
  C:7CEEH         LINE#         687
  C:7CFDH         LINE#         688
  C:7CFDH         LINE#         689
  C:7D2AH         LINE#         690
  C:7D39H         LINE#         691
  C:7D41H         LINE#         692
  C:7D47H         LINE#         693
  C:7D50H         LINE#         694
  C:7D5EH         LINE#         695
  C:7D61H         LINE#         696
  C:7D6AH         LINE#         697
  C:7D6CH         LINE#         698
  -------         ENDPROC       _JB0
  -------         PROC          _YINCHU
  X:0230H         SYMBOL        table
  X:0233H         SYMBOL        n
  X:0234H         SYMBOL        v
  -------         DO            
BL51 BANKED LINKER/LOCATER V6.22.2.0                                                  06/01/2023  21:05:43  PAGE 37


  X:0235H         SYMBOL        i
  X:0236H         SYMBOL        j
  X:0237H         SYMBOL        k
  X:0238H         SYMBOL        a
  X:0278H         SYMBOL        p
  -------         ENDDO         
  C:A191H         LINE#         699
  C:A19FH         LINE#         700
  C:A19FH         LINE#         705
  C:A1B2H         LINE#         706
[...]
  C:C942H         SYMBOL        L?2708
  -------         PROC          _DELAY
  D:0004H         SYMBOL        ihk
  C:C946H         LINE#         136
  C:C94AH         LINE#         137
  C:C94AH         LINE#         138
  C:C950H         LINE#         140
  C:C950H         LINE#         141
  C:C95AH         LINE#         142
  C:C95AH         LINE#         143
  C:C95DH         LINE#         144
  C:C96CH         LINE#         145
  C:C96CH         LINE#         146
  C:C96CH         LINE#         147
  -------         ENDPROC       _DELAY
  -------         PROC          _DELAYS
  D:0006H         SYMBOL        t
  -------         DO            
  D:0004H         SYMBOL        i
  -------         ENDDO         
  C:CAB6H         LINE#         148
  C:CAB6H         LINE#         149
  C:CAB6H         LINE#         151
  C:CAC0H         LINE#         152
  C:CAD5H         LINE#         153
  -------         ENDPROC       _DELAYS
  -------         PROC          _HANSAO
  D:0005H         SYMBOL        hs
  C:C2C8H         LINE#         155
  C:C2CAH         LINE#         156
  C:C2CAH         LINE#         157
BL51 BANKED LINKER/LOCATER V6.22.2.0                                                  06/01/2023  21:05:43  PAGE 103


  C:C2D0H         LINE#         158
  C:C2D0H         LINE#         159
  C:C2D3H         LINE#         160
  C:C2D3H         LINE#         161
  C:C2D7H         LINE#         162
  C:C2D7H         LINE#         163
  C:C2DAH         LINE#         164
  C:C2DAH         LINE#         165
  C:C2DCH         LINE#         167
  C:C2DCH         LINE#         168
  C:C2E0H         LINE#         169
  C:C2E0H         LINE#         170
  C:C2E3H         LINE#         171
  C:C2E3H         LINE#         172
  C:C2E5H         LINE#         174
  C:C2E5H         LINE#         175
  C:C2E9H         LINE#         176
  C:C2E9H         LINE#         177
  C:C2ECH         LINE#         178
  C:C2ECH         LINE#         179
  C:C2EEH         LINE#         181
  C:C2EEH         LINE#         182
  C:C2F2H         LINE#         183
  C:C2F2H         LINE#         184
  C:C2F5H         LINE#         185
  C:C2F5H         LINE#         186
  C:C2F7H         LINE#         188
  C:C2F7H         LINE#         189
  C:C2FBH         LINE#         190
  C:C2FBH         LINE#         191
  C:C2FEH         LINE#         192
  C:C2FEH         LINE#         193
  C:C300H         LINE#         195
  C:C300H         LINE#         196
  C:C304H         LINE#         197
  C:C304H         LINE#         198
  C:C307H         LINE#         199
  C:C307H         LINE#         200
  C:C309H         LINE#         202
  C:C309H         LINE#         203
  C:C30DH         LINE#         204
  C:C30DH         LINE#         205
  C:C310H         LINE#         206
  C:C310H         LINE#         207
  C:C312H         LINE#         209
  C:C312H         LINE#         210
  C:C315H         LINE#         211
  C:C315H         LINE#         212
  C:C318H         LINE#         213
  C:C31EH         LINE#         214
  C:C321H         LINE#         216
  C:C321H         LINE#         217
  C:C321H         LINE#         218
  C:C321H         LINE#         219
  -------         ENDPROC       _HANSAO
  -------         PROC          _SENDBYTE
  X:0225H         SYMBOL        num1
BL51 BANKED LINKER/LOCATER V6.22.2.0                                                  06/01/2023  21:05:43  PAGE 104


  X:0227H         SYMBOL        num2
  D:0002H         SYMBOL        num3
  X:022BH         SYMBOL        num4
  -------         DO            
  D:0005H         SYMBOL        c
  -------         ENDDO         
  C:C20BH         LINE#         221
  C:C219H         LINE#         222
  C:C219H         LINE#         224
  C:C21BH         LINE#         225
  C:C21BH         LINE#         226
  C:C21DH         LINE#         227
  C:C224H         LINE#         228
  C:C22BH         LINE#         229
  C:C22FH         LINE#         230
  C:C236H         LINE#         231
  C:C238H         LINE#         232
  C:C245H         LINE#         233
  C:C252H         LINE#         234
  C:C259H         LINE#         235
  C:C266H         LINE#         236
  C:C26BH         LINE#         237
  -------         ENDPROC       _SENDBYTE
  -------         PROC          _SENDBYTE1
  X:02BDH         SYMBOL        num1
  X:02BFH         SYMBOL        num2
  D:0002H         SYMBOL        num3
  X:02C3H         SYMBOL        num4
  -------         DO            
  D:0005H         SYMBOL        c
  -------         ENDDO         
  C:C37BH         LINE#         239
  C:C389H         LINE#         240
  C:C389H         LINE#         242
  C:C38BH         LINE#         243
  C:C38BH         LINE#         244
  C:C38DH         LINE#         245
  C:C394H         LINE#         246
  C:C39BH         LINE#         247
  C:C39FH         LINE#         248
  C:C3A6H         LINE#         249
  C:C3A8H         LINE#         250
  C:C3B3H         LINE#         251
  C:C3BCH         LINE#         252
  C:C3C3H         LINE#         253
  C:C3CEH         LINE#         254
  C:C3D3H         LINE#         255
  -------         ENDPROC       _SENDBYTE1
  C:8687H         SYMBOL        L?2710
  C:868EH         SYMBOL        L?2711
  -------         PROC          L?2709
  -------         ENDPROC       L?2709
  C:8687H         SYMBOL        L?2710
  C:868EH         SYMBOL        L?2711
  -------         PROC          _ZHEN
  X:02B8H         SYMBOL        a
  X:02BBH         SYMBOL        v
BL51 BANKED LINKER/LOCATER V6.22.2.0                                                  06/01/2023  21:05:43  PAGE 105


  -------         DO            
  X:02BCH         SYMBOL        layer
  -------         ENDDO         
  C:8692H         LINE#         310
  C:86A0H         LINE#         311
  C:86A0H         LINE#         313
  C:86ADH         LINE#         314
  C:86ADH         LINE#         315
  C:86B0H         LINE#         316
  C:86B0H         LINE#         317
  C:86B6H         LINE#         319
  C:86B6H         LINE#         320
  C:86B9H         LINE#         321
  C:86C4H         LINE#         322
  C:86C4H         LINE#         323
  C:86DBH         LINE#         324
  C:86DBH         LINE#         325
  C:86DBH         LINE#         326
  C:86DBH         LINE#         327
  C:86DDH         LINE#         328
  C:86DDH         LINE#         329
  C:86DDH         LINE#         330
  C:86E2H         LINE#         331
  C:86E2H         LINE#         332
  C:86F9H         LINE#         333
  C:86F9H         LINE#         334
  C:86FCH         LINE#         335
  C:86FEH         LINE#         336
  C:8701H         LINE#         337
  C:8701H         LINE#         338
  C:8701H         LINE#         339
  C:8701H         LINE#         340
  C:87B0H         LINE#         341
  C:8858H         LINE#         342
  C:885AH         LINE#         343
  C:885BH         LINE#         344
  C:885DH         LINE#         345
  C:885FH         LINE#         346
  C:8868H         LINE#         347
  C:886BH         LINE#         348
  C:886DH         LINE#         349
  C:8873H         LINE#         350
  C:8876H         LINE#         351
  C:887CH         LINE#         352
  C:888DH         LINE#         353
  C:8894H         LINE#         354
  C:8897H         LINE#         355
  -------         ENDPROC       _ZHEN
  C:B480H         SYMBOL        L?2733
  -------         PROC          L?2732
  -------         ENDPROC       L?2732
  C:B480H         SYMBOL        L?2733
  -------         PROC          _W_SIDE
  X:0230H         SYMBOL        tab
  X:0233H         SYMBOL        num
  X:0234H         SYMBOL        v
  -------         DO            
BL51 BANKED LINKER/LOCATER V6.22.2.0                                                  06/01/2023  21:05:43  PAGE 106


  X:0235H         SYMBOL        a
  X:0275H         SYMBOL        i
  X:0277H         SYMBOL        j
  -------         ENDDO         
  C:B488H         LINE#         357
  C:B496H         LINE#         358
  C:B496H         LINE#         359
  C:B4A9H         LINE#         361
  C:B4CFH         LINE#         362
  C:B4CFH         LINE#         363
  C:B4E8H         LINE#         364
  C:B539H         LINE#         365
  C:B53FH         LINE#         366
  C:B54DH         LINE#         367
  C:B550H         LINE#         368
  C:B564H         LINE#         369
  -------         ENDPROC       _W_SIDE
  -------         PROC          MAIN
  -------         DO            
  X:022DH         SYMBOL        p
  X:022EH         SYMBOL        k
  X:022FH         SYMBOL        l
  -------         ENDDO         
  C:B946H         LINE#         371
  C:B946H         LINE#         372
  C:B946H         LINE#         373
  C:B94FH         LINE#         374
  C:B952H         LINE#         375
  C:B954H         LINE#         376
  C:B95BH         LINE#         377
  C:B95EH         LINE#         378
  C:B961H         LINE#         379
  C:B966H         LINE#         380
  C:B969H         LINE#         381
  C:B96CH         LINE#         382
  C:B96EH         LINE#         383
  C:B971H         LINE#         384
  C:B974H         LINE#         385
  C:B977H         LINE#         386
  C:B979H         LINE#         387
  C:B97BH         LINE#         388
  C:B97DH         LINE#         389
  C:B97FH         LINE#         390
  C:B981H         LINE#         396
  C:B984H         LINE#         397
  C:B986H         LINE#         398
  C:B986H         LINE#         399
  C:B986H         LINE#         402
  C:B98BH         LINE#         403
  C:B98EH         LINE#         404
  C:B98EH         LINE#         405
  C:B98EH         LINE#         406
  C:B990H         LINE#         407
  C:B990H         LINE#         408
  C:B9ADH         LINE#         409
  C:B9ADH         LINE#         410
  C:B9B2H         LINE#         411
BL51 BANKED LINKER/LOCATER V6.22.2.0                                                  06/01/2023  21:05:43  PAGE 107


  C:B9B2H         LINE#         412
  C:B9B7H         LINE#         413
  C:B9B7H         LINE#         415
  C:B9B7H         LINE#         416
  C:B9BCH         LINE#         417
  C:B9BCH         LINE#         418
  C:B9C1H         LINE#         419
  C:B9C1H         LINE#         420
  C:B9C6H         LINE#         421
  C:B9C6H         LINE#         422
  C:B9C9H         LINE#         423
  C:B9CBH         LINE#         424
  C:B9CBH         LINE#         425
  C:B9D0H         LINE#         426
  C:B9D0H         LINE#         427
  C:B9D3H         LINE#         428
  C:B9D5H         LINE#         429
  C:B9D5H         LINE#         430
  C:B9DBH         LINE#         431
  C:B9DBH         LINE#         432
  C:B9DEH         LINE#         433
  C:B9DEH         LINE#         434
  C:B9DEH         LINE#         435
  C:B9DEH         LINE#         436
  C:B9DEH         LINE#         437
  C:B9DEH         LINE#         438
  C:B9E5H         LINE#         439
  C:B9E5H         LINE#         440
  C:B9E5H         LINE#         441
  C:B9E7H         LINE#         442
  C:B9EAH         LINE#         443
  C:B9EDH         LINE#         444
  C:B9F0H         LINE#         445
  C:B9F3H         LINE#         446
  -------         ENDPROC       MAIN
  -------         PROC          SERIAL
  -------         DO            
  D:000FH         SYMBOL        tempbuff
  -------         ENDDO         
  C:C428H         LINE#         449
  C:C433H         LINE#         451
  C:C435H         LINE#         452
  C:C438H         LINE#         453
  C:C438H         LINE#         454
  C:C43CH         LINE#         455
  C:C444H         LINE#         456
  C:C444H         LINE#         457
  C:C452H         LINE#         458
  C:C462H         LINE#         459
  C:C467H         LINE#         460
  C:C467H         LINE#         461
  C:C46AH         LINE#         462
  C:C46DH         LINE#         463
  C:C470H         LINE#         464
  C:C470H         LINE#         466
  C:C470H         LINE#         467
  C:C470H         LINE#         468
BL51 BANKED LINKER/LOCATER V6.22.2.0                                                  06/01/2023  21:05:43  PAGE 108


  C:C470H         LINE#         469
  C:C470H         LINE#         470
  C:C470H         LINE#         471
  C:C470H         LINE#         472
  C:C472H         LINE#         473
  -------         ENDPROC       SERIAL
  -------         PROC          PRINT1
  -------         DO            
  X:0000H         SYMBOL        layert
  -------         ENDDO         
  C:5DACH         LINE#         475
  C:5DC9H         LINE#         478
  C:5DCBH         LINE#         479
  C:5DCDH         LINE#         481
  C:5DD6H         LINE#         482
  C:5DD6H         LINE#         483
  C:5E3FH         LINE#         484
  C:5EA8H         LINE#         485
  C:5EAAH         LINE#         486
  C:5EABH         LINE#         487
  C:5EADH         LINE#         488
  C:5EAFH         LINE#         489
  C:5EBCH         LINE#         490
  C:5EC2H         LINE#         491
  C:5EC4H         LINE#         492
  C:5ECDH         LINE#         493
  C:5ED2H         LINE#         495
  C:5ED7H         LINE#         496
  C:5EDAH         LINE#         497
  C:5EDFH         LINE#         498
  C:5EDFH         LINE#         499
  C:5EF6H         LINE#         500
  C:5EF6H         LINE#         501
  C:5EF9H         LINE#         503
  C:5EF9H         LINE#         504
  C:5EF9H         LINE#         505
  C:5EFCH         LINE#         506
  C:5EFFH         LINE#         507
  C:5EFFH         LINE#         508
  C:5F08H         LINE#         509
  C:5F08H         LINE#         510
  C:5F71H         LINE#         511
  C:5FDAH         LINE#         513
  C:5FDCH         LINE#         514
  C:5FDDH         LINE#         515
  C:5FDDH         LINE#         516
  C:5FDDH         LINE#         517
  C:5FDDH         LINE#         518
  C:5FE0H         LINE#         519
  C:5FE2H         LINE#         520
  C:5FEBH         LINE#         521
  C:5FF0H         LINE#         523
  C:5FF5H         LINE#         524
  C:5FF8H         LINE#         525
  C:5FFDH         LINE#         526
  C:5FFDH         LINE#         527
  C:6014H         LINE#         528
BL51 BANKED LINKER/LOCATER V6.22.2.0                                                  06/01/2023  21:05:43  PAGE 109


  C:6014H         LINE#         529
  C:6017H         LINE#         531
  C:6017H         LINE#         532
  C:6017H         LINE#         533
  C:601AH         LINE#         534
  C:601DH         LINE#         535
  C:601DH         LINE#         536
  C:6026H         LINE#         537
  C:6026H         LINE#         538
  C:608FH         LINE#         539
  C:60F8H         LINE#         541
  C:60FAH         LINE#         542
  C:60FBH         LINE#         543
  C:60FBH         LINE#         544
  C:60FBH         LINE#         545
  C:60FBH         LINE#         546
  C:60FEH         LINE#         547
  C:6100H         LINE#         548
  C:6109H         LINE#         549
  C:610EH         LINE#         551
  C:6113H         LINE#         552
  C:6116H         LINE#         553
  C:611BH         LINE#         554
  C:611BH         LINE#         555
  C:6132H         LINE#         556
  C:6132H         LINE#         557
  C:6137H         LINE#         559
  C:6137H         LINE#         560
  C:6137H         LINE#         562
  C:613AH         LINE#         563
  C:613DH         LINE#         564
  C:613DH         LINE#         565
  C:613FH         LINE#         566
  C:6141H         LINE#         567
  -------         ENDPROC       PRINT1
  -------         PROC          SHUDU_JIA
  C:BA9CH         LINE#         569
  C:BA9CH         LINE#         570
  C:BA9CH         LINE#         571
  C:BAABH         LINE#         572
  C:BAABH         LINE#         573
  C:BAC4H         LINE#         574
  C:BAC4H         LINE#         575
  C:BAC7H         LINE#         576
  C:BAC9H         LINE#         577
  C:BADBH         LINE#         578
  C:BADBH         LINE#         579
  C:BAE1H         LINE#         580
  C:BAE3H         LINE#         581
  C:BAF5H         LINE#         582
  C:BAF5H         LINE#         583
  C:BAFBH         LINE#         584
  C:BAFDH         LINE#         585
  C:BB0FH         LINE#         586
  C:BB0FH         LINE#         587
  C:BB1DH         LINE#         588
  C:BB1DH         LINE#         589
BL51 BANKED LINKER/LOCATER V6.22.2.0                                                  06/01/2023  21:05:43  PAGE 110


  C:BB36H         LINE#         590
  C:BB36H         LINE#         591
  C:BB3EH         LINE#         592
  C:BB3EH         LINE#         593
  C:BB3EH         LINE#         594
  -------         ENDPROC       SHUDU_JIA
  -------         PROC          SHUDU_JIAN
  C:BBDBH         LINE#         595
  C:BBDBH         LINE#         596
  C:BBDBH         LINE#         597
  C:BBEAH         LINE#         598
  C:BBEAH         LINE#         599
  C:BC03H         LINE#         600
  C:BC03H         LINE#         601
  C:BC06H         LINE#         602
  C:BC08H         LINE#         603
  C:BC1AH         LINE#         604
  C:BC1AH         LINE#         605
  C:BC20H         LINE#         606
  C:BC22H         LINE#         607
  C:BC34H         LINE#         608
  C:BC34H         LINE#         609
  C:BC3AH         LINE#         610
  C:BC3CH         LINE#         611
  C:BC4DH         LINE#         612
  C:BC4DH         LINE#         613
  C:BC5BH         LINE#         614
  C:BC5BH         LINE#         616
  C:BC6AH         LINE#         617
  C:BC6AH         LINE#         618
  C:BC71H         LINE#         619
  C:BC71H         LINE#         620
  C:BC71H         LINE#         621
  -------         ENDPROC       SHUDU_JIAN
  -------         ENDMOD        MAIN

  -------         MODULE        ?C?COPY
  C:8534H         PUBLIC        ?C?COPY
  -------         ENDMOD        ?C?COPY

  -------         MODULE        ?C?CLDPTR
  C:855AH         PUBLIC        ?C?CLDPTR
  -------         ENDMOD        ?C?CLDPTR

  -------         MODULE        ?C?CLDOPTR
  C:8573H         PUBLIC        ?C?CLDOPTR
  -------         ENDMOD        ?C?CLDOPTR

  -------         MODULE        ?C?CSTPTR
  C:85A0H         PUBLIC        ?C?CSTPTR
  -------         ENDMOD        ?C?CSTPTR

  -------         MODULE        ?C?CSTOPTR
  C:85B2H         PUBLIC        ?C?CSTOPTR
  -------         ENDMOD        ?C?CSTOPTR

  -------         MODULE        ?C?IMUL
BL51 BANKED LINKER/LOCATER V6.22.2.0                                                  06/01/2023  21:05:43  PAGE 111


  C:85D4H         PUBLIC        ?C?IMUL
  -------         ENDMOD        ?C?IMUL

  -------         MODULE        ?C?UIDIV
  C:85E6H         PUBLIC        ?C?UIDIV
  -------         ENDMOD        ?C?UIDIV

  -------         MODULE        ?C?SIDIV
  C:863BH         PUBLIC        ?C?SIDIV
  -------         ENDMOD        ?C?SIDIV

  -------         MODULE        ?C?ILDIX
  C:8671H         PUBLIC        ?C?ILDIX
  -------         ENDMOD        ?C?ILDIX

*** WARNING L16: UNCALLED SEGMENT, IGNORED FOR OVERLAY PROCESS
    SEGMENT: ?PR?_TURN_ON?MAIN

*** WARNING L1: UNRESOLVED EXTERNAL SYMBOL
    SYMBOL:  FVB
    MODULE:  main.obj (MAIN)

*** WARNING L2: REFERENCE MADE TO UNRESOLVED EXTERNAL
    SYMBOL:  FVB
    MODULE:  main.obj (MAIN)
    ADDRESS: C097H

Program Size: data=111.7 xdata=775 code=52401
LINK/LOCATE RUN COMPLETE.  3 WARNING(S),  0 ERROR(S)
